Component: ARM Compiler 5.06 update 7 (build 960) Tool: armlink [4d3601]

==============================================================================

Section Cross References

    main.o(i.draw) refers to u8g2_font.o(i.u8g2_SetFontMode) for u8g2_SetFontMode
    main.o(i.draw) refers to u8g2_font.o(i.u8g2_SetFontDirection) for u8g2_SetFontDirection
    main.o(i.draw) refers to u8g2_font.o(i.u8g2_SetFont) for u8g2_SetFont
    main.o(i.draw) refers to u8g2_font.o(i.u8g2_DrawStr) for u8g2_DrawStr
    main.o(i.draw) refers to u8g2_hvline.o(i.u8g2_DrawHLine) for u8g2_DrawHLine
    main.o(i.draw) refers to u8g2_hvline.o(i.u8g2_DrawVLine) for u8g2_DrawVLine
    main.o(i.draw) refers to u8g2_fonts.o(.constdata) for u8g2_font_inb24_mf
    main.o(i.main) refers to bsp.o(i.bsp_Init) for bsp_Init
    main.o(i.main) refers to main.o(i.u8g2_init) for u8g2_init
    main.o(i.main) refers to bsp.o(i.bsp_Idle) for bsp_Idle
    main.o(i.main) refers to u8g2_buffer.o(i.u8g2_FirstPage) for u8g2_FirstPage
    main.o(i.main) refers to main.o(i.draw) for draw
    main.o(i.main) refers to u8g2_buffer.o(i.u8g2_NextPage) for u8g2_NextPage
    main.o(i.u8g2_gpio_and_delay) refers to bsp_fmc_oled.o(i.OLED_ConfigGPIO) for OLED_ConfigGPIO
    main.o(i.u8g2_gpio_and_delay) refers to bsp_timer.o(i.bsp_DelayMS) for bsp_DelayMS
    main.o(i.u8g2_gpio_and_delay) refers to bsp_timer.o(i.bsp_DelayUS) for bsp_DelayUS
    main.o(i.u8g2_init) refers to u8g2_d_setup.o(i.u8g2_Setup_ssd1306_128x64_noname_f) for u8g2_Setup_ssd1306_128x64_noname_f
    main.o(i.u8g2_init) refers to u8x8_display.o(i.u8x8_InitDisplay) for u8x8_InitDisplay
    main.o(i.u8g2_init) refers to u8x8_display.o(i.u8x8_SetPowerSave) for u8x8_SetPowerSave
    main.o(i.u8g2_init) refers to u8x8_display.o(i.u8x8_SetContrast) for u8x8_SetContrast
    main.o(i.u8g2_init) refers to u8g2_buffer.o(i.u8g2_ClearBuffer) for u8g2_ClearBuffer
    main.o(i.u8g2_init) refers to main.o(i.u8g2_gpio_and_delay) for u8g2_gpio_and_delay
    main.o(i.u8g2_init) refers to u8x8_byte.o(i.u8x8_byte_4wire_sw_spi) for u8x8_byte_4wire_sw_spi
    main.o(i.u8g2_init) refers to u8g2_setup.o(.constdata) for u8g2_cb_r0
    bsp.o(i.CPU_CACHE_Enable) refers to bsp.o(i.SCB_EnableICache) for SCB_EnableICache
    bsp.o(i.CPU_CACHE_Enable) refers to bsp.o(i.SCB_EnableDCache) for SCB_EnableDCache
    bsp.o(i.MPU_Config) refers to stm32h7xx_hal_cortex.o(i.HAL_MPU_Disable) for HAL_MPU_Disable
    bsp.o(i.MPU_Config) refers to stm32h7xx_hal_cortex.o(i.HAL_MPU_ConfigRegion) for HAL_MPU_ConfigRegion
    bsp.o(i.MPU_Config) refers to stm32h7xx_hal_cortex.o(i.HAL_MPU_Enable) for HAL_MPU_Enable
    bsp.o(i.SystemClock_Config) refers to memseta.o(.text) for __aeabi_memclr4
    bsp.o(i.SystemClock_Config) refers to stm32h7xx_hal_rcc.o(i.HAL_RCC_OscConfig) for HAL_RCC_OscConfig
    bsp.o(i.SystemClock_Config) refers to bsp.o(i.Error_Handler) for Error_Handler
    bsp.o(i.SystemClock_Config) refers to stm32h7xx_hal_rcc.o(i.HAL_RCC_ClockConfig) for HAL_RCC_ClockConfig
    bsp.o(i.SystemClock_Config) refers to stm32h7xx_hal.o(i.HAL_EnableCompensationCell) for HAL_EnableCompensationCell
    bsp.o(i.bsp_Init) refers to bsp.o(i.MPU_Config) for MPU_Config
    bsp.o(i.bsp_Init) refers to bsp.o(i.CPU_CACHE_Enable) for CPU_CACHE_Enable
    bsp.o(i.bsp_Init) refers to stm32h7xx_hal.o(i.HAL_Init) for HAL_Init
    bsp.o(i.bsp_Init) refers to bsp.o(i.SystemClock_Config) for SystemClock_Config
    bsp.o(i.bsp_Init) refers to bsp_key.o(i.bsp_InitKey) for bsp_InitKey
    bsp.o(i.bsp_Init) refers to bsp_timer.o(i.bsp_InitTimer) for bsp_InitTimer
    bsp.o(i.bsp_Init) refers to bsp_uart_fifo.o(i.bsp_InitUart) for bsp_InitUart
    bsp.o(i.bsp_Init) refers to bsp_fmc_io.o(i.bsp_InitExtIO) for bsp_InitExtIO
    bsp.o(i.bsp_Init) refers to bsp_led.o(i.bsp_InitLed) for bsp_InitLed
    bsp.o(i.bsp_RunPer10ms) refers to bsp_key.o(i.bsp_KeyScan10ms) for bsp_KeyScan10ms
    bsp_led.o(i.bsp_InitLed) refers to bsp_led.o(i.bsp_LedOff) for bsp_LedOff
    bsp_led.o(i.bsp_IsLedOn) refers to bsp_fmc_io.o(i.HC574_GetPin) for HC574_GetPin
    bsp_led.o(i.bsp_LedOff) refers to bsp_fmc_io.o(i.HC574_SetPin) for HC574_SetPin
    bsp_led.o(i.bsp_LedOn) refers to bsp_fmc_io.o(i.HC574_SetPin) for HC574_SetPin
    bsp_led.o(i.bsp_LedToggle) refers to bsp_fmc_io.o(i.HC574_GetPin) for HC574_GetPin
    bsp_led.o(i.bsp_LedToggle) refers to bsp_fmc_io.o(i.HC574_SetPin) for HC574_SetPin
    bsp_key.o(i.IsKeyDownFunc) refers to bsp_key.o(i.KeyPinActive) for KeyPinActive
    bsp_key.o(i.KeyPinActive) refers to bsp_key.o(.constdata) for s_gpio_list
    bsp_key.o(i.bsp_ClearKey) refers to bsp_key.o(.bss) for s_tKey
    bsp_key.o(i.bsp_DetectFastIO) refers to bsp_key.o(i.IsKeyDownFunc) for IsKeyDownFunc
    bsp_key.o(i.bsp_DetectFastIO) refers to bsp_key.o(i.bsp_PutKey) for bsp_PutKey
    bsp_key.o(i.bsp_DetectFastIO) refers to bsp_key.o(.bss) for s_tBtn
    bsp_key.o(i.bsp_DetectKey) refers to bsp_key.o(i.IsKeyDownFunc) for IsKeyDownFunc
[...]
    i.u8g2_update_dimension_r1               0x0800422e   Section        0  u8g2_setup.o(i.u8g2_update_dimension_r1)
    i.u8g2_update_dimension_r2               0x0800424a   Section        0  u8g2_setup.o(i.u8g2_update_dimension_r2)
    i.u8g2_update_page_win_r0                0x08004256   Section        0  u8g2_setup.o(i.u8g2_update_page_win_r0)
    i.u8g2_update_page_win_r2                0x08004276   Section        0  u8g2_setup.o(i.u8g2_update_page_win_r2)
    i.u8x8_RefreshDisplay                    0x080042b2   Section        0  u8x8_display.o(i.u8x8_RefreshDisplay)
    i.u8x8_SetContrast                       0x080042c4   Section        0  u8x8_display.o(i.u8x8_SetContrast)
    i.u8x8_Setup                             0x080042d8   Section        0  u8x8_setup.o(i.u8x8_Setup)
    i.u8x8_ascii_next                        0x08004302   Section        0  u8x8_8x8.o(i.u8x8_ascii_next)
    i.u8x8_byte_4wire_sw_spi                 0x08004314   Section        0  u8x8_byte.o(i.u8x8_byte_4wire_sw_spi)
    i.u8x8_cad_001                           0x08004434   Section        0  u8x8_cad.o(i.u8x8_cad_001)
    i.u8x8_cad_SendArg                       0x080044a0   Section        0  u8x8_cad.o(i.u8x8_cad_SendArg)
    i.u8x8_cad_SendData                      0x080044b4   Section        0  u8x8_cad.o(i.u8x8_cad_SendData)
    i.u8x8_cad_SendSequence                  0x080044ce   Section        0  u8x8_cad.o(i.u8x8_cad_SendSequence)
    i.u8x8_cad_StartTransfer                 0x0800454a   Section        0  u8x8_cad.o(i.u8x8_cad_StartTransfer)
    i.u8x8_dummy_cb                          0x0800455c   Section        0  u8x8_setup.o(i.u8x8_dummy_cb)
    .constdata                               0x08004564   Section       80  bsp_key.o(.constdata)
    UARTPrescTable                           0x08004564   Data          24  bsp_key.o(.constdata)
    USARTPrescTable                          0x0800457c   Data          24  bsp_key.o(.constdata)
    s_gpio_list                              0x08004594   Data          32  bsp_key.o(.constdata)
    .constdata                               0x080045b4   Section       48  stm32h7xx_hal_uart.o(.constdata)
    UARTPrescTable                           0x080045b4   Data          24  stm32h7xx_hal_uart.o(.constdata)
    USARTPrescTable                          0x080045cc   Data          24  stm32h7xx_hal_uart.o(.constdata)
    .constdata                               0x080045e4   Section       64  system_stm32h7xx.o(.constdata)
    UARTPrescTable                           0x080045e4   Data          24  system_stm32h7xx.o(.constdata)
    USARTPrescTable                          0x080045fc   Data          24  system_stm32h7xx.o(.constdata)
    .text                                    0x08100000   Section       36  startup_stm32h743xx.o(.text)
    $v0                                      0x08100000   Number         0  startup_stm32h743xx.o(.text)
    .text                                    0x08100024   Section        0  uldiv.o(.text)
    .text                                    0x08100086   Section        0  memseta.o(.text)
    i.BusFault_Handler                       0x081000aa   Section        0  stm32h7xx_it.o(i.BusFault_Handler)
    i.HAL_GetTick                            0x081000b0   Section        0  stm32h7xx_hal.o(i.HAL_GetTick)
    i.HAL_Init                               0x081000bc   Section        0  stm32h7xx_hal.o(i.HAL_Init)
    i.HAL_MPU_ConfigRegion                   0x081000d8   Section        0  stm32h7xx_hal_cortex.o(i.HAL_MPU_ConfigRegion)
    i.HAL_MPU_Enable                         0x08100134   Section        0  stm32h7xx_hal_cortex.o(i.HAL_MPU_Enable)
    i.HAL_NVIC_EnableIRQ                     0x08100174   Section        0  stm32h7xx_hal_cortex.o(i.HAL_NVIC_EnableIRQ)
    i.HAL_NVIC_SetPriority                   0x08100194   Section        0  stm32h7xx_hal_cortex.o(i.HAL_NVIC_SetPriority)
    i.HAL_RCCEx_GetD1SysClockFreq            0x08100210   Section        0  stm32h7xx_hal_rcc_ex.o(i.HAL_RCCEx_GetD1SysClockFreq)
    i.HAL_RCCEx_GetD3PCLK1Freq               0x08100248   Section        0  stm32h7xx_hal_rcc_ex.o(i.HAL_RCCEx_GetD3PCLK1Freq)
    i.HAL_RCC_GetPCLK1Freq                   0x08100274   Section        0  stm32h7xx_hal_rcc.o(i.HAL_RCC_GetPCLK1Freq)
    i.HAL_SRAM_Init                          0x081002a0   Section        0  stm32h7xx_hal_sram.o(i.HAL_SRAM_Init)
    i.HAL_SYSTICK_Config                     0x08100308   Section        0  stm32h7xx_hal_cortex.o(i.HAL_SYSTICK_Config)
    i.HAL_TIM_Base_MspInit                   0x0810033c   Section        0  stm32h7xx_hal_tim.o(i.HAL_TIM_Base_MspInit)
    i.HAL_TIM_Base_Start                     0x0810033e   Section        0  stm32h7xx_hal_tim.o(i.HAL_TIM_Base_Start)
    i.HAL_UART_Init                          0x0810035c   Section        0  stm32h7xx_hal_uart.o(i.HAL_UART_Init)
    i.HAL_UART_MspInit                       0x081003d4   Section        0  stm32h7xx_hal_uart.o(i.HAL_UART_MspInit)
    i.HC574_ConfigGPIO                       0x081003d8   Section        0  bsp_fmc_io.o(i.HC574_ConfigGPIO)
    HC574_ConfigGPIO                         0x081003d9   Thumb Code   256  bsp_fmc_io.o(i.HC574_ConfigGPIO)
    i.HC574_SetPin                           0x081004f0   Section        0  bsp_fmc_io.o(i.HC574_SetPin)
    i.InitHardUart                           0x0810051c   Section        0  bsp_uart_fifo.o(i.InitHardUart)
    InitHardUart                             0x0810051d   Thumb Code   426  bsp_uart_fifo.o(i.InitHardUart)
    i.IsKeyDownFunc                          0x081006dc   Section        0  bsp_key.o(i.IsKeyDownFunc)
    IsKeyDownFunc                            0x081006dd   Thumb Code    62  bsp_key.o(i.IsKeyDownFunc)
    i.MemManage_Handler                      0x0810071a   Section        0  stm32h7xx_it.o(i.MemManage_Handler)
    i.NMI_Handler                            0x0810071e   Section        0  stm32h7xx_it.o(i.NMI_Handler)
    i.RCCEx_PLL3_Config                      0x08100720   Section        0  stm32h7xx_hal_rcc_ex.o(i.RCCEx_PLL3_Config)
    RCCEx_PLL3_Config                        0x08100721   Thumb Code   300  stm32h7xx_hal_rcc_ex.o(i.RCCEx_PLL3_Config)
    i.RS485_InitTXE                          0x08100850   Section        0  bsp_uart_fifo.o(i.RS485_InitTXE)
    i.RS485_ReciveNew                        0x08100894   Section        0  bsp_uart_fifo.o(i.RS485_ReciveNew)
    i.RS485_SendBefor                        0x08100898   Section        0  bsp_uart_fifo.o(i.RS485_SendBefor)
    i.SCB_EnableDCache                       0x081008a4   Section        0  bsp.o(i.SCB_EnableDCache)
    SCB_EnableDCache                         0x081008a5   Thumb Code   148  bsp.o(i.SCB_EnableDCache)
    i.SCB_EnableICache                       0x08100940   Section        0  bsp.o(i.SCB_EnableICache)
    SCB_EnableICache                         0x08100941   Thumb Code   116  bsp.o(i.SCB_EnableICache)
    i.SVC_Handler                            0x081009bc   Section        0  stm32h7xx_it.o(i.SVC_Handler)
    i.SysTick_ISR                            0x081009c0   Section        0  bsp_timer.o(i.SysTick_ISR)
    i.SystemClock_Config                     0x08100a44   Section        0  bsp.o(i.SystemClock_Config)
    SystemClock_Config                       0x08100a45   Thumb Code   256  bsp.o(i.SystemClock_Config)
    i.SystemInit                             0x08100b64   Section        0  system_stm32h7xx.o(i.SystemInit)
    i.TIM_Base_SetConfig                     0x08100bf8   Section        0  stm32h7xx_hal_tim.o(i.TIM_Base_SetConfig)
    i.UART_AdvFeatureConfig                  0x08100cc4   Section        0  stm32h7xx_hal_uart.o(i.UART_AdvFeatureConfig)
    i.UART_CheckIdleState                    0x08100dae   Section        0  stm32h7xx_hal_uart.o(i.UART_CheckIdleState)
    i.UART_WaitOnFlagUntilTimeout            0x08100e22   Section        0  stm32h7xx_hal_uart.o(i.UART_WaitOnFlagUntilTimeout)
    i.USART1_IRQHandler                      0x08100e90   Section        0  bsp_uart_fifo.o(i.USART1_IRQHandler)
    i.USART3_IRQHandler                      0x08100ea0   Section        0  bsp_uart_fifo.o(i.USART3_IRQHandler)
    i.UartIRQ                                0x08100eb0   Section        0  bsp_uart_fifo.o(i.UartIRQ)
    UartIRQ                                  0x08100eb1   Thumb Code   378  bsp_uart_fifo.o(i.UartIRQ)
    i.__NVIC_GetPriorityGrouping             0x0810102c   Section        0  stm32h7xx_hal_cortex.o(i.__NVIC_GetPriorityGrouping)
    __NVIC_GetPriorityGrouping               0x0810102d   Thumb Code    10  stm32h7xx_hal_cortex.o(i.__NVIC_GetPriorityGrouping)
    i.__NVIC_SetPriority                     0x0810103c   Section        0  stm32h7xx_hal_cortex.o(i.__NVIC_SetPriority)
    __NVIC_SetPriority                       0x0810103d   Thumb Code    32  stm32h7xx_hal_cortex.o(i.__NVIC_SetPriority)
    i.__set_PRIMASK                          0x08101064   Section        0  bsp_timer.o(i.__set_PRIMASK)
    __set_PRIMASK                            0x08101065   Thumb Code     6  bsp_timer.o(i.__set_PRIMASK)
    i.bsp_GetRunTime                         0x0810106c   Section        0  bsp_timer.o(i.bsp_GetRunTime)
    i.bsp_Idle                               0x08101088   Section        0  bsp.o(i.bsp_Idle)
    i.bsp_Init                               0x0810108a   Section        0  bsp.o(i.bsp_Init)
    i.bsp_InitKeyHard                        0x081010b4   Section        0  bsp_key.o(i.bsp_InitKeyHard)
    bsp_InitKeyHard                          0x081010b5   Thumb Code   132  bsp_key.o(i.bsp_InitKeyHard)
    i.bsp_InitKeyVar                         0x08101140   Section        0  bsp_key.o(i.bsp_InitKeyVar)
    bsp_InitKeyVar                           0x08101141   Thumb Code   154  bsp_key.o(i.bsp_InitKeyVar)
    i.bsp_InitLed                            0x081011e4   Section        0  bsp_led.o(i.bsp_InitLed)
    i.bsp_LedOff                             0x08101200   Section        0  bsp_led.o(i.bsp_LedOff)
    i.bsp_RunPer10ms                         0x0810123c   Section        0  bsp.o(i.bsp_RunPer10ms)
    i.bsp_SetKeyParam                        0x08101244   Section        0  bsp_key.o(i.bsp_SetKeyParam)
    i.u8g2_DrawHVLine                        0x08101270   Section        0  u8g2_hvline.o(i.u8g2_DrawHVLine)
    i.u8g2_DrawVLine                         0x0810134c   Section        0  u8g2_hvline.o(i.u8g2_DrawVLine)
    i.u8g2_IsIntersection                    0x08101368   Section        0  u8g2_intersection.o(i.u8g2_IsIntersection)
    i.u8g2_NextPage                          0x081013a2   Section        0  u8g2_buffer.o(i.u8g2_NextPage)
    i.u8g2_SetBufferCurrTileRow              0x081013e2   Section        0  u8g2_buffer.o(i.u8g2_SetBufferCurrTileRow)
    i.u8g2_SetFontMode                       0x081013fe   Section        0  u8g2_font.o(i.u8g2_SetFontMode)
    i.u8g2_SetMaxClipWindow                  0x08101404   Section        0  u8g2_setup.o(i.u8g2_SetMaxClipWindow)
    i.u8g2_add_vector_y                      0x08101424   Section        0  u8g2_font.o(i.u8g2_add_vector_y)
    i.u8g2_clip_intersection2                0x0810144e   Section        0  u8g2_hvline.o(i.u8g2_clip_intersection2)
    u8g2_clip_intersection2                  0x0810144f   Thumb Code    76  u8g2_hvline.o(i.u8g2_clip_intersection2)
    i.u8g2_draw_l90_r1                       0x0810149a   Section        0  u8g2_setup.o(i.u8g2_draw_l90_r1)
    i.u8g2_draw_l90_r2                       0x081014de   Section        0  u8g2_setup.o(i.u8g2_draw_l90_r2)
    i.u8g2_draw_l90_r3                       0x08101534   Section        0  u8g2_setup.o(i.u8g2_draw_l90_r3)
    i.u8g2_draw_mirror_vertical_r0           0x08101584   Section        0  u8g2_setup.o(i.u8g2_draw_mirror_vertical_r0)
    i.u8g2_font_decode_get_signed_bits       0x081015c0   Section        0  u8g2_font.o(i.u8g2_font_decode_get_signed_bits)
    i.u8g2_font_decode_len                   0x081015e4   Section        0  u8g2_font.o(i.u8g2_font_decode_len)
    i.u8g2_font_get_glyph_data               0x08101694   Section        0  u8g2_font.o(i.u8g2_font_get_glyph_data)
    i.u8g2_font_get_word                     0x08101726   Section        0  u8g2_font.o(i.u8g2_font_get_word)
    u8g2_font_get_word                       0x08101727   Thumb Code    24  u8g2_font.o(i.u8g2_font_get_word)
    i.u8g2_is_intersection_decision_tree     0x0810173e   Section        0  u8g2_intersection.o(i.u8g2_is_intersection_decision_tree)
    i.u8g2_ll_hvline_vertical_top_lsb        0x0810176e   Section        0  u8g2_ll_hvline.o(i.u8g2_ll_hvline_vertical_top_lsb)
    i.u8g2_send_tile_row                     0x0810185c   Section        0  u8g2_buffer.o(i.u8g2_send_tile_row)
    u8g2_send_tile_row                       0x0810185d   Thumb Code    54  u8g2_buffer.o(i.u8g2_send_tile_row)
    i.u8g2_update_dimension_r0               0x08101892   Section        0  u8g2_setup.o(i.u8g2_update_dimension_r0)
    i.u8g2_update_dimension_r3               0x0810189e   Section        0  u8g2_setup.o(i.u8g2_update_dimension_r3)
    i.u8g2_update_page_win_r1                0x081018ba   Section        0  u8g2_setup.o(i.u8g2_update_page_win_r1)
    i.u8g2_update_page_win_r3                0x081018da   Section        0  u8g2_setup.o(i.u8g2_update_page_win_r3)
    i.u8x8_DrawTile                          0x08101916   Section        0  u8x8_display.o(i.u8x8_DrawTile)
    i.u8x8_InitDisplay                       0x08101948   Section        0  u8x8_display.o(i.u8x8_InitDisplay)
    i.u8x8_SetPowerSave                      0x0810195a   Section        0  u8x8_display.o(i.u8x8_SetPowerSave)
    i.u8x8_SetupDefaults                     0x08101970   Section        0  u8x8_setup.o(i.u8x8_SetupDefaults)
    i.u8x8_SetupMemory                       0x0810199c   Section        0  u8x8_display.o(i.u8x8_SetupMemory)
    i.u8x8_byte_SendByte                     0x081019ae   Section        0  u8x8_byte.o(i.u8x8_byte_SendByte)
    i.u8x8_byte_SendBytes                    0x081019be   Section        0  u8x8_byte.o(i.u8x8_byte_SendBytes)
    i.u8x8_byte_SetDC                        0x081019d8   Section        0  u8x8_byte.o(i.u8x8_byte_SetDC)
    i.u8x8_cad_EndTransfer                   0x081019ec   Section        0  u8x8_cad.o(i.u8x8_cad_EndTransfer)
    i.u8x8_cad_SendCmd                       0x081019fe   Section        0  u8x8_cad.o(i.u8x8_cad_SendCmd)
    i.u8x8_d_helper_display_init             0x08101a12   Section        0  u8x8_display.o(i.u8x8_d_helper_display_init)
    i.u8x8_d_helper_display_setup_memory     0x08101a72   Section        0  u8x8_display.o(i.u8x8_d_helper_display_setup_memory)
    i.u8x8_d_ssd1306_128x64_noname           0x08101a80   Section        0  u8x8_d_ssd1306_128x64_noname.o(i.u8x8_d_ssd1306_128x64_noname)
    i.u8x8_d_ssd1306_sh1106_generic          0x08101ad4   Section        0  u8x8_d_ssd1306_128x64_noname.o(i.u8x8_d_ssd1306_sh1106_generic)
    u8x8_d_ssd1306_sh1106_generic            0x08101ad5   Thumb Code   242  u8x8_d_ssd1306_128x64_noname.o(i.u8x8_d_ssd1306_sh1106_generic)
    i.u8x8_gpio_call                         0x08101bd8   Section        0  u8x8_gpio.o(i.u8x8_gpio_call)
    i.u8x8_utf8_init                         0x08101bf2   Section        0  u8x8_8x8.o(i.u8x8_utf8_init)
    .constdata                               0x08101bfa   Section    10351  u8g2_fonts.o(.constdata)
    .constdata                               0x0810446c   Section       72  u8g2_setup.o(.constdata)
    .constdata                               0x081044b4   Section      344  u8x8_d_ssd1306_128x64_noname.o(.constdata)
    u8x8_d_ssd1306_128x64_noname_init_seq    0x081044b4   Data          53  u8x8_d_ssd1306_128x64_noname.o(.constdata)
    u8x8_d_ssd1306_128x64_vcomh0_init_seq    0x081044e9   Data          53  u8x8_d_ssd1306_128x64_noname.o(.constdata)
    u8x8_d_ssd1306_128x64_alt0_init_seq      0x0810451e   Data          53  u8x8_d_ssd1306_128x64_noname.o(.constdata)
    u8x8_d_sh1106_128x64_winstar_init_seq    0x08104553   Data          45  u8x8_d_ssd1306_128x64_noname.o(.constdata)
    u8x8_d_ssd1312_128x64_noname_init_seq    0x08104580   Data          53  u8x8_d_ssd1306_128x64_noname.o(.constdata)
    u8x8_d_ssd1306_128x64_noname_powersave0_seq 0x081045b5   Data           5  u8x8_d_ssd1306_128x64_noname.o(.constdata)
    u8x8_d_ssd1306_128x64_noname_powersave1_seq 0x081045ba   Data           5  u8x8_d_ssd1306_128x64_noname.o(.constdata)
    u8x8_d_ssd1306_128x64_noname_flip0_seq   0x081045bf   Data           7  u8x8_d_ssd1306_128x64_noname.o(.constdata)
    u8x8_d_ssd1306_128x64_noname_flip1_seq   0x081045c6   Data           7  u8x8_d_ssd1306_128x64_noname.o(.constdata)
    u8x8_d_ssd1312_128x64_noname_flip0_seq   0x081045cd   Data           7  u8x8_d_ssd1306_128x64_noname.o(.constdata)
    u8x8_d_ssd1312_128x64_noname_flip1_seq   0x081045d4   Data           7  u8x8_d_ssd1306_128x64_noname.o(.constdata)
    u8x8_ssd1306_128x64_noname_display_info  0x081045dc   Data          24  u8x8_d_ssd1306_128x64_noname.o(.constdata)
    u8x8_sh1106_128x64_noname_display_info   0x081045f4   Data          24  u8x8_d_ssd1306_128x64_noname.o(.constdata)
    .data                                    0x24000000   Section       30  bsp_timer.o(.data)
    s_TIM_CallBack1                          0x24000000   Data           4  bsp_timer.o(.data)
    s_TIM_CallBack2                          0x24000004   Data           4  bsp_timer.o(.data)
    s_TIM_CallBack3                          0x24000008   Data           4  bsp_timer.o(.data)
    s_TIM_CallBack4                          0x2400000c   Data           4  bsp_timer.o(.data)
    s_uiDelayCount                           0x24000010   Data           4  bsp_timer.o(.data)
    s_ucTimeOutFlag                          0x24000014   Data           1  bsp_timer.o(.data)
    g_ucEnableSystickISR                     0x2400001c   Data           1  bsp_timer.o(.data)
    s_count                                  0x2400001d   Data           1  bsp_timer.o(.data)
    .data                                    0x24000020   Section        4  bsp_fmc_io.o(.data)
    .data                                    0x24000024   Section        9  stm32h7xx_hal.o(.data)
    uwTick                                   0x24000024   Data           4  stm32h7xx_hal.o(.data)
    uwTickPrio                               0x24000028   Data           4  stm32h7xx_hal.o(.data)
    uwTickFreq                               0x2400002c   Data           1  stm32h7xx_hal.o(.data)
    .data                                    0x24000030   Section        8  system_stm32h7xx.o(.data)
    .data                                    0x24000038   Section        4  segger_hardfaulthandler.o(.data)
    _Continue                                0x24000038   Data           4  segger_hardfaulthandler.o(.data)
    .bss                                     0x2400003c   Section      109  bsp_key.o(.bss)
    s_tBtn                                   0x2400003c   Data          96  bsp_key.o(.bss)
    s_tKey                                   0x2400009c   Data          13  bsp_key.o(.bss)
    .bss                                     0x240000ac   Section       48  bsp_timer.o(.bss)
    s_tTmr                                   0x240000ac   Data          48  bsp_timer.o(.bss)
    .bss                                     0x240000dc   Section     4184  bsp_uart_fifo.o(.bss)
    g_tUart1                                 0x240000dc   Data          44  bsp_uart_fifo.o(.bss)
    g_TxBuf1                                 0x24000108   Data        1024  bsp_uart_fifo.o(.bss)
    g_RxBuf1                                 0x24000508   Data        1024  bsp_uart_fifo.o(.bss)
    g_tUart3                                 0x24000908   Data          44  bsp_uart_fifo.o(.bss)
    g_TxBuf3                                 0x24000934   Data        1024  bsp_uart_fifo.o(.bss)
    g_RxBuf3                                 0x24000d34   Data        1024  bsp_uart_fifo.o(.bss)
    .bss                                     0x24001134   Section     1024  u8g2_d_memory.o(.bss)
    buf                                      0x24001134   Data        1024  u8g2_d_memory.o(.bss)
    .bss                                     0x24001534   Section       64  segger_hardfaulthandler.o(.bss)
    HardFaultRegs                            0x24001534   Data          64  segger_hardfaulthandler.o(.bss)
    STACK                                    0x24001578   Section     4096  startup_stm32h743xx.o(STACK)

    Global Symbols

    Symbol Name                              Value     Ov Type        Size  Object(Section)

    BuildAttributes$$THM_ISAv4$E$P$D$K$B$S$7EM$VFPv5_D16$PE$PLD8$A:L22UL41UL21$X:L11$S22US41US21$IEEE1$IW$USESV6$~STKCKD$USESV7$~SHL$OSPACE$ROPI$EBA8$MICROLIB$REQ8$PRES8$EABIv2 0x00000000   Number         0  anon$$obj.o ABSOLUTE
    __ARM_use_no_argv                        0x00000000   Number         0  main.o ABSOLUTE
    _printf_a                                0x00000000   Number         0  stubs.o ABSOLUTE
    _printf_c                                0x00000000   Number         0  stubs.o ABSOLUTE
    _printf_charcount                        0x00000000   Number         0  stubs.o ABSOLUTE
    _printf_d                                0x00000000   Number         0  stubs.o ABSOLUTE
    _printf_e                                0x00000000   Number         0  stubs.o ABSOLUTE
    _printf_f                                0x00000000   Number         0  stubs.o ABSOLUTE
    _printf_flags                            0x00000000   Number         0  stubs.o ABSOLUTE
    _printf_fp_dec                           0x00000000   Number         0  stubs.o ABSOLUTE
    _printf_fp_hex                           0x00000000   Number         0  stubs.o ABSOLUTE
    _printf_g                                0x00000000   Number         0  stubs.o ABSOLUTE
    _printf_i                                0x00000000   Number         0  stubs.o ABSOLUTE
    _printf_int_dec                          0x00000000   Number         0  stubs.o ABSOLUTE
    _printf_l                                0x00000000   Number         0  stubs.o ABSOLUTE
    _printf_lc                               0x00000000   Number         0  stubs.o ABSOLUTE
    _printf_ll                               0x00000000   Number         0  stubs.o ABSOLUTE
    _printf_lld                              0x00000000   Number         0  stubs.o ABSOLUTE
    _printf_lli                              0x00000000   Number         0  stubs.o ABSOLUTE
    _printf_llo                              0x00000000   Number         0  stubs.o ABSOLUTE
    _printf_llu                              0x00000000   Number         0  stubs.o ABSOLUTE
    _printf_llx                              0x00000000   Number         0  stubs.o ABSOLUTE
    _printf_longlong_dec                     0x00000000   Number         0  stubs.o ABSOLUTE
    _printf_longlong_hex                     0x00000000   Number         0  stubs.o ABSOLUTE
    _printf_longlong_oct                     0x00000000   Number         0  stubs.o ABSOLUTE
    _printf_ls                               0x00000000   Number         0  stubs.o ABSOLUTE
    _printf_mbtowc                           0x00000000   Number         0  stubs.o ABSOLUTE
    _printf_n                                0x00000000   Number         0  stubs.o ABSOLUTE
    _printf_o                                0x00000000   Number         0  stubs.o ABSOLUTE
    _printf_p                                0x00000000   Number         0  stubs.o ABSOLUTE
    _printf_percent                          0x00000000   Number         0  stubs.o ABSOLUTE
    _printf_pre_padding                      0x00000000   Number         0  stubs.o ABSOLUTE
    _printf_return_value                     0x00000000   Number         0  stubs.o ABSOLUTE
    _printf_s                                0x00000000   Number         0  stubs.o ABSOLUTE
    _printf_sizespec                         0x00000000   Number         0  stubs.o ABSOLUTE
    _printf_str                              0x00000000   Number         0  stubs.o ABSOLUTE
    _printf_truncate_signed                  0x00000000   Number         0  stubs.o ABSOLUTE
    _printf_truncate_unsigned                0x00000000   Number         0  stubs.o ABSOLUTE
    _printf_u                                0x00000000   Number         0  stubs.o ABSOLUTE
    _printf_wc                               0x00000000   Number         0  stubs.o ABSOLUTE
    _printf_wctomb                           0x00000000   Number         0  stubs.o ABSOLUTE
    _printf_widthprec                        0x00000000   Number         0  stubs.o ABSOLUTE
    _printf_x                                0x00000000   Number         0  stubs.o ABSOLUTE
    __arm_fini_                               - Undefined Weak Reference
    __cpp_initialize__aeabi_                  - Undefined Weak Reference
    __cxa_finalize                            - Undefined Weak Reference
    __decompress                              - Undefined Weak Reference
    _clock_init                               - Undefined Weak Reference
    _microlib_exit                            - Undefined Weak Reference
    __Vectors_Size                           0x00000298   Number         0  startup_stm32h743xx.o ABSOLUTE
    __Vectors                                0x08000000   Data           4  startup_stm32h743xx.o(RESET)
    __Vectors_End                            0x08000298   Data           0  startup_stm32h743xx.o(RESET)
    __main                                   0x08000299   Thumb Code     0  entry.o(.ARM.Collect$$$$00000000)
    _main_stk                                0x08000299   Thumb Code     0  entry2.o(.ARM.Collect$$$$00000001)
    _main_scatterload                        0x0800029d   Thumb Code     0  entry5.o(.ARM.Collect$$$$00000004)
    __main_after_scatterload                 0x080002a1   Thumb Code     0  entry5.o(.ARM.Collect$$$$00000004)
    _main_clock                              0x080002a1   Thumb Code     0  entry7b.o(.ARM.Collect$$$$00000008)
    _main_cpp_init                           0x080002a1   Thumb Code     0  entry8b.o(.ARM.Collect$$$$0000000A)
    _main_init                               0x080002a1   Thumb Code     0  entry9a.o(.ARM.Collect$$$$0000000B)
    __rt_lib_shutdown_fini                   0x080002a9   Thumb Code     0  entry12b.o(.ARM.Collect$$$$0000000E)
    __rt_final_cpp                           0x080002ad   Thumb Code     0  entry10a.o(.ARM.Collect$$$$0000000F)
    __rt_final_exit                          0x080002ad   Thumb Code     0  entry11a.o(.ARM.Collect$$$$00000011)
    __aeabi_llsl                             0x080002b1   Thumb Code    30  llshl.o(.text)
    _ll_shift_l                              0x080002b1   Thumb Code     0  llshl.o(.text)
    __aeabi_llsr                             0x080002cf   Thumb Code    32  llushr.o(.text)
    _ll_ushift_r                             0x080002cf   Thumb Code     0  llushr.o(.text)
    __scatterload                            0x080002f1   Thumb Code    28  init.o(.text)
    __scatterload_rt2                        0x080002f1   Thumb Code     0  init.o(.text)
    HardFault_Handler                        0x08000315   Thumb Code     0  hardfaulthandler.o(OSKERNEL)
    DebugMon_Handler                         0x08000333   Thumb Code     2  stm32h7xx_it.o(i.DebugMon_Handler)
    Error_Handler                            0x08000335   Thumb Code     8  bsp.o(i.Error_Handler)
    FMC_NORSRAM_Extended_Timing_Init         0x0800033d   Thumb Code    66  stm32h7xx_ll_fmc.o(i.FMC_NORSRAM_Extended_Timing_Init)
    FMC_NORSRAM_Init                         0x08000385   Thumb Code   124  stm32h7xx_ll_fmc.o(i.FMC_NORSRAM_Init)
    FMC_NORSRAM_Timing_Init                  0x08000405   Thumb Code    94  stm32h7xx_ll_fmc.o(i.FMC_NORSRAM_Timing_Init)
    HAL_EnableCompensationCell               0x08000465   Thumb Code    14  stm32h7xx_hal.o(i.HAL_EnableCompensationCell)
    HAL_GPIO_Init                            0x08000479   Thumb Code   534  stm32h7xx_hal_gpio.o(i.HAL_GPIO_Init)
    HAL_IncTick                              0x080006c5   Thumb Code    16  stm32h7xx_hal.o(i.HAL_IncTick)
    HAL_InitTick                             0x080006dd   Thumb Code    64  stm32h7xx_hal.o(i.HAL_InitTick)
    HAL_MPU_Disable                          0x08000729   Thumb Code    38  stm32h7xx_hal_cortex.o(i.HAL_MPU_Disable)
    HAL_MspInit                              0x08000755   Thumb Code     2  stm32h7xx_hal.o(i.HAL_MspInit)
    HAL_NVIC_SetPriorityGrouping             0x08000759   Thumb Code    32  stm32h7xx_hal_cortex.o(i.HAL_NVIC_SetPriorityGrouping)
    HAL_RCCEx_GetPLL2ClockFreq               0x08000781   Thumb Code   532  stm32h7xx_hal_rcc_ex.o(i.HAL_RCCEx_GetPLL2ClockFreq)
    HAL_RCCEx_GetPLL3ClockFreq               0x080009ad   Thumb Code   532  stm32h7xx_hal_rcc_ex.o(i.HAL_RCCEx_GetPLL3ClockFreq)
    HAL_RCCEx_PeriphCLKConfig                0x08000bd9   Thumb Code  2868  stm32h7xx_hal_rcc_ex.o(i.HAL_RCCEx_PeriphCLKConfig)
    HAL_RCC_ClockConfig                      0x08001711   Thumb Code   574  stm32h7xx_hal_rcc.o(i.HAL_RCC_ClockConfig)
    HAL_RCC_GetHCLKFreq                      0x08001961   Thumb Code    42  stm32h7xx_hal_rcc.o(i.HAL_RCC_GetHCLKFreq)
    HAL_RCC_GetPCLK2Freq                     0x08001999   Thumb Code    36  stm32h7xx_hal_rcc.o(i.HAL_RCC_GetPCLK2Freq)
    HAL_RCC_GetSysClockFreq                  0x080019c5   Thumb Code   556  stm32h7xx_hal_rcc.o(i.HAL_RCC_GetSysClockFreq)
    HAL_RCC_OscConfig                        0x08001c09   Thumb Code  1724  stm32h7xx_hal_rcc.o(i.HAL_RCC_OscConfig)
    HAL_SRAM_MspInit                         0x080022cd   Thumb Code     2  stm32h7xx_hal_sram.o(i.HAL_SRAM_MspInit)
    HAL_TIM_Base_Init                        0x080022cf   Thumb Code    52  stm32h7xx_hal_tim.o(i.HAL_TIM_Base_Init)
    HardFaultHandler                         0x080023a5   Thumb Code   202  segger_hardfaulthandler.o(i.HardFaultHandler)
    OLED_ConfigGPIO                          0x08002575   Thumb Code   282  bsp_fmc_oled.o(i.OLED_ConfigGPIO)
    PendSV_Handler                           0x080026a1   Thumb Code     2  stm32h7xx_it.o(i.PendSV_Handler)
    RS485_SendOver                           0x080027d5   Thumb Code     8  bsp_uart_fifo.o(i.RS485_SendOver)
    SysTick_Handler                          0x080027e1   Thumb Code    22  bsp_timer.o(i.SysTick_Handler)
    TIM2_IRQHandler                          0x080027fd   Thumb Code   164  bsp_timer.o(i.TIM2_IRQHandler)
    UART_SetConfig                           0x080028b1   Thumb Code  2452  stm32h7xx_hal_uart.o(i.UART_SetConfig)
    UsageFault_Handler                       0x080032e9   Thumb Code     4  stm32h7xx_it.o(i.UsageFault_Handler)
    __scatterload_copy                       0x080032ed   Thumb Code    14  handlers.o(i.__scatterload_copy)
    __scatterload_null                       0x080032fb   Thumb Code     2  handlers.o(i.__scatterload_null)
    __scatterload_zeroinit                   0x080032fd   Thumb Code    14  handlers.o(i.__scatterload_zeroinit)
    bsp_CheckRunTime                         0x0800330d   Thumb Code    40  bsp_timer.o(i.bsp_CheckRunTime)
    bsp_DelayMS                              0x08003339   Thumb Code    58  bsp_timer.o(i.bsp_DelayMS)
    bsp_DelayUS                              0x0800337d   Thumb Code    76  bsp_timer.o(i.bsp_DelayUS)
    bsp_InitExtIO                            0x0800353d   Thumb Code    28  bsp_fmc_io.o(i.bsp_InitExtIO)
    bsp_InitHardTimer                        0x08003561   Thumb Code   182  bsp_timer.o(i.bsp_InitHardTimer)
    bsp_InitKey                              0x0800365d   Thumb Code    12  bsp_key.o(i.bsp_InitKey)
    bsp_InitTimer                            0x08003669   Thumb Code   146  bsp_timer.o(i.bsp_InitTimer)
    bsp_InitUart                             0x08003711   Thumb Code    16  bsp_uart_fifo.o(i.bsp_InitUart)
    bsp_KeyScan10ms                          0x08003721   Thumb Code   110  bsp_key.o(i.bsp_KeyScan10ms)
    bsp_PutKey                               0x08003795   Thumb Code    28  bsp_key.o(i.bsp_PutKey)
    bsp_RunPer1ms                            0x080037b5   Thumb Code     2  bsp.o(i.bsp_RunPer1ms)
    bsp_SetUartParam                         0x080037b9   Thumb Code    74  bsp_uart_fifo.o(i.bsp_SetUartParam)
    draw                                     0x08003845   Thumb Code   178  main.o(i.draw)
    main                                     0x08003931   Thumb Code    44  main.o(i.main)
    u8g2_ClearBuffer                         0x0800395d   Thumb Code    28  u8g2_buffer.o(i.u8g2_ClearBuffer)
    u8g2_DrawGlyph                           0x08003979   Thumb Code    98  u8g2_font.o(i.u8g2_DrawGlyph)
    u8g2_DrawHLine                           0x080039db   Thumb Code    28  u8g2_hvline.o(i.u8g2_DrawHLine)
    u8g2_DrawStr                             0x080039f9   Thumb Code    32  u8g2_font.o(i.u8g2_DrawStr)
    u8g2_FirstPage                           0x08003a1d   Thumb Code    26  u8g2_buffer.o(i.u8g2_FirstPage)
    u8g2_SetFont                             0x08003a37   Thumb Code    32  u8g2_font.o(i.u8g2_SetFont)
    u8g2_SetFontDirection                    0x08003a57   Thumb Code     6  u8g2_font.o(i.u8g2_SetFontDirection)
    u8g2_SetFontPosBaseline                  0x08003a5d   Thumb Code     6  u8g2_font.o(i.u8g2_SetFontPosBaseline)
    u8g2_SetupBuffer                         0x08003a69   Thumb Code    90  u8g2_setup.o(i.u8g2_SetupBuffer)
    u8g2_Setup_ssd1306_128x64_noname_f       0x08003ac5   Thumb Code    54  u8g2_d_setup.o(i.u8g2_Setup_ssd1306_128x64_noname_f)
    u8g2_UpdateRefHeight                     0x08003b09   Thumb Code   136  u8g2_font.o(i.u8g2_UpdateRefHeight)
    u8g2_add_vector_x                        0x08003b91   Thumb Code    42  u8g2_font.o(i.u8g2_add_vector_x)
    u8g2_draw_hv_line_2dir                   0x08003c35   Thumb Code    44  u8g2_hvline.o(i.u8g2_draw_hv_line_2dir)
    u8g2_draw_l90_mirrorr_r0                 0x08003c61   Thumb Code    60  u8g2_setup.o(i.u8g2_draw_l90_mirrorr_r0)
    u8g2_draw_l90_r0                         0x08003c9d   Thumb Code    36  u8g2_setup.o(i.u8g2_draw_l90_r0)
    u8g2_font_calc_vref_font                 0x08003d51   Thumb Code     6  u8g2_font.o(i.u8g2_font_calc_vref_font)
    u8g2_font_decode_get_unsigned_bits       0x08003d57   Thumb Code    66  u8g2_font.o(i.u8g2_font_decode_get_unsigned_bits)
    u8g2_font_decode_glyph                   0x08003d99   Thumb Code   386  u8g2_font.o(i.u8g2_font_decode_glyph)
    u8g2_gpio_and_delay                      0x08003f9d   Thumb Code   194  main.o(i.u8g2_gpio_and_delay)
    u8g2_init                                0x0800406d   Thumb Code    46  main.o(i.u8g2_init)
    u8g2_m_16_8_f                            0x080040a9   Thumb Code    10  u8g2_d_memory.o(i.u8g2_m_16_8_f)
    u8g2_read_font_info                      0x080040b9   Thumb Code   224  u8g2_font.o(i.u8g2_read_font_info)
    u8g2_update_dimension_r1                 0x0800422f   Thumb Code    28  u8g2_setup.o(i.u8g2_update_dimension_r1)
    u8g2_update_dimension_r2                 0x0800424b   Thumb Code    12  u8g2_setup.o(i.u8g2_update_dimension_r2)
    u8g2_update_page_win_r0                  0x08004257   Thumb Code    32  u8g2_setup.o(i.u8g2_update_page_win_r0)
    u8g2_update_page_win_r2                  0x08004277   Thumb Code    60  u8g2_setup.o(i.u8g2_update_page_win_r2)
    u8x8_RefreshDisplay                      0x080042b3   Thumb Code    18  u8x8_display.o(i.u8x8_RefreshDisplay)
    u8x8_SetContrast                         0x080042c5   Thumb Code    20  u8x8_display.o(i.u8x8_SetContrast)
    u8x8_Setup                               0x080042d9   Thumb Code    42  u8x8_setup.o(i.u8x8_Setup)
    u8x8_ascii_next                          0x08004303   Thumb Code    18  u8x8_8x8.o(i.u8x8_ascii_next)
    u8x8_byte_4wire_sw_spi                   0x08004315   Thumb Code   288  u8x8_byte.o(i.u8x8_byte_4wire_sw_spi)
    u8x8_cad_001                             0x08004435   Thumb Code   108  u8x8_cad.o(i.u8x8_cad_001)
    u8x8_cad_SendArg                         0x080044a1   Thumb Code    20  u8x8_cad.o(i.u8x8_cad_SendArg)
    u8x8_cad_SendData                        0x080044b5   Thumb Code    26  u8x8_cad.o(i.u8x8_cad_SendData)
    u8x8_cad_SendSequence                    0x080044cf   Thumb Code   124  u8x8_cad.o(i.u8x8_cad_SendSequence)
    u8x8_cad_StartTransfer                   0x0800454b   Thumb Code    18  u8x8_cad.o(i.u8x8_cad_StartTransfer)
    u8x8_dummy_cb                            0x0800455d   Thumb Code     8  u8x8_setup.o(i.u8x8_dummy_cb)
    D1CorePrescTable                         0x08004614   Data          16  system_stm32h7xx.o(.constdata)
    Region$$Table$$Base                      0x08004624   Number         0  anon$$obj.o(Region$$Table)
    Region$$Table$$Limit                     0x08004644   Number         0  anon$$obj.o(Region$$Table)
    Reset_Handler                            0x08100001   Thumb Code     8  startup_stm32h743xx.o(.text)
    ADC3_IRQHandler                          0x0810001b   Thumb Code     0  startup_stm32h743xx.o(.text)
    ADC_IRQHandler                           0x0810001b   Thumb Code     0  startup_stm32h743xx.o(.text)
    BDMA_Channel0_IRQHandler                 0x0810001b   Thumb Code     0  startup_stm32h743xx.o(.text)
    BDMA_Channel1_IRQHandler                 0x0810001b   Thumb Code     0  startup_stm32h743xx.o(.text)
    BDMA_Channel2_IRQHandler                 0x0810001b   Thumb Code     0  startup_stm32h743xx.o(.text)
    BDMA_Channel3_IRQHandler                 0x0810001b   Thumb Code     0  startup_stm32h743xx.o(.text)
    BDMA_Channel4_IRQHandler                 0x0810001b   Thumb Code     0  startup_stm32h743xx.o(.text)
    BDMA_Channel5_IRQHandler                 0x0810001b   Thumb Code     0  startup_stm32h743xx.o(.text)
    BDMA_Channel6_IRQHandler                 0x0810001b   Thumb Code     0  startup_stm32h743xx.o(.text)
    BDMA_Channel7_IRQHandler                 0x0810001b   Thumb Code     0  startup_stm32h743xx.o(.text)
    CEC_IRQHandler                           0x0810001b   Thumb Code     0  startup_stm32h743xx.o(.text)
    COMP1_IRQHandler                         0x0810001b   Thumb Code     0  startup_stm32h743xx.o(.text)
    CRS_IRQHandler                           0x0810001b   Thumb Code     0  startup_stm32h743xx.o(.text)
    DCMI_IRQHandler                          0x0810001b   Thumb Code     0  startup_stm32h743xx.o(.text)
    DFSDM1_FLT0_IRQHandler                   0x0810001b   Thumb Code     0  startup_stm32h743xx.o(.text)
    DFSDM1_FLT1_IRQHandler                   0x0810001b   Thumb Code     0  startup_stm32h743xx.o(.text)
    DFSDM1_FLT2_IRQHandler                   0x0810001b   Thumb Code     0  startup_stm32h743xx.o(.text)
    DFSDM1_FLT3_IRQHandler                   0x0810001b   Thumb Code     0  startup_stm32h743xx.o(.text)
    DMA1_Stream0_IRQHandler                  0x0810001b   Thumb Code     0  startup_stm32h743xx.o(.text)
    DMA1_Stream1_IRQHandler                  0x0810001b   Thumb Code     0  startup_stm32h743xx.o(.text)
    DMA1_Stream2_IRQHandler                  0x0810001b   Thumb Code     0  startup_stm32h743xx.o(.text)
    DMA1_Stream3_IRQHandler                  0x0810001b   Thumb Code     0  startup_stm32h743xx.o(.text)
    DMA1_Stream4_IRQHandler                  0x0810001b   Thumb Code     0  startup_stm32h743xx.o(.text)
    DMA1_Stream5_IRQHandler                  0x0810001b   Thumb Code     0  startup_stm32h743xx.o(.text)
    DMA1_Stream6_IRQHandler                  0x0810001b   Thumb Code     0  startup_stm32h743xx.o(.text)
    DMA1_Stream7_IRQHandler                  0x0810001b   Thumb Code     0  startup_stm32h743xx.o(.text)
    DMA2D_IRQHandler                         0x0810001b   Thumb Code     0  startup_stm32h743xx.o(.text)
    DMA2_Stream0_IRQHandler                  0x0810001b   Thumb Code     0  startup_stm32h743xx.o(.text)
    DMA2_Stream1_IRQHandler                  0x0810001b   Thumb Code     0  startup_stm32h743xx.o(.text)
    DMA2_Stream2_IRQHandler                  0x0810001b   Thumb Code     0  startup_stm32h743xx.o(.text)
    DMA2_Stream3_IRQHandler                  0x0810001b   Thumb Code     0  startup_stm32h743xx.o(.text)
    DMA2_Stream4_IRQHandler                  0x0810001b   Thumb Code     0  startup_stm32h743xx.o(.text)
    DMA2_Stream5_IRQHandler                  0x0810001b   Thumb Code     0  startup_stm32h743xx.o(.text)
    DMA2_Stream6_IRQHandler                  0x0810001b   Thumb Code     0  startup_stm32h743xx.o(.text)
    DMA2_Stream7_IRQHandler                  0x0810001b   Thumb Code     0  startup_stm32h743xx.o(.text)
    DMAMUX1_OVR_IRQHandler                   0x0810001b   Thumb Code     0  startup_stm32h743xx.o(.text)
    DMAMUX2_OVR_IRQHandler                   0x0810001b   Thumb Code     0  startup_stm32h743xx.o(.text)
    ETH_IRQHandler                           0x0810001b   Thumb Code     0  startup_stm32h743xx.o(.text)
    ETH_WKUP_IRQHandler                      0x0810001b   Thumb Code     0  startup_stm32h743xx.o(.text)
    EXTI0_IRQHandler                         0x0810001b   Thumb Code     0  startup_stm32h743xx.o(.text)
    EXTI15_10_IRQHandler                     0x0810001b   Thumb Code     0  startup_stm32h743xx.o(.text)
    EXTI1_IRQHandler                         0x0810001b   Thumb Code     0  startup_stm32h743xx.o(.text)
    EXTI2_IRQHandler                         0x0810001b   Thumb Code     0  startup_stm32h743xx.o(.text)
    EXTI3_IRQHandler                         0x0810001b   Thumb Code     0  startup_stm32h743xx.o(.text)
    EXTI4_IRQHandler                         0x0810001b   Thumb Code     0  startup_stm32h743xx.o(.text)
    EXTI9_5_IRQHandler                       0x0810001b   Thumb Code     0  startup_stm32h743xx.o(.text)
    FDCAN1_IT0_IRQHandler                    0x0810001b   Thumb Code     0  startup_stm32h743xx.o(.text)
    FDCAN1_IT1_IRQHandler                    0x0810001b   Thumb Code     0  startup_stm32h743xx.o(.text)
    FDCAN2_IT0_IRQHandler                    0x0810001b   Thumb Code     0  startup_stm32h743xx.o(.text)
    FDCAN2_IT1_IRQHandler                    0x0810001b   Thumb Code     0  startup_stm32h743xx.o(.text)
    FDCAN_CAL_IRQHandler                     0x0810001b   Thumb Code     0  startup_stm32h743xx.o(.text)
    FLASH_IRQHandler                         0x0810001b   Thumb Code     0  startup_stm32h743xx.o(.text)
    FMC_IRQHandler                           0x0810001b   Thumb Code     0  startup_stm32h743xx.o(.text)
    FPU_IRQHandler                           0x0810001b   Thumb Code     0  startup_stm32h743xx.o(.text)
    HRTIM1_FLT_IRQHandler                    0x0810001b   Thumb Code     0  startup_stm32h743xx.o(.text)
    HRTIM1_Master_IRQHandler                 0x0810001b   Thumb Code     0  startup_stm32h743xx.o(.text)
    HRTIM1_TIMA_IRQHandler                   0x0810001b   Thumb Code     0  startup_stm32h743xx.o(.text)
    HRTIM1_TIMB_IRQHandler                   0x0810001b   Thumb Code     0  startup_stm32h743xx.o(.text)
    HRTIM1_TIMC_IRQHandler                   0x0810001b   Thumb Code     0  startup_stm32h743xx.o(.text)
    HRTIM1_TIMD_IRQHandler                   0x0810001b   Thumb Code     0  startup_stm32h743xx.o(.text)
    HRTIM1_TIME_IRQHandler                   0x0810001b   Thumb Code     0  startup_stm32h743xx.o(.text)
    HSEM1_IRQHandler                         0x0810001b   Thumb Code     0  startup_stm32h743xx.o(.text)
    I2C1_ER_IRQHandler                       0x0810001b   Thumb Code     0  startup_stm32h743xx.o(.text)
    I2C1_EV_IRQHandler                       0x0810001b   Thumb Code     0  startup_stm32h743xx.o(.text)
    I2C2_ER_IRQHandler                       0x0810001b   Thumb Code     0  startup_stm32h743xx.o(.text)
    I2C2_EV_IRQHandler                       0x0810001b   Thumb Code     0  startup_stm32h743xx.o(.text)
    I2C3_ER_IRQHandler                       0x0810001b   Thumb Code     0  startup_stm32h743xx.o(.text)
    I2C3_EV_IRQHandler                       0x0810001b   Thumb Code     0  startup_stm32h743xx.o(.text)
    I2C4_ER_IRQHandler                       0x0810001b   Thumb Code     0  startup_stm32h743xx.o(.text)
    I2C4_EV_IRQHandler                       0x0810001b   Thumb Code     0  startup_stm32h743xx.o(.text)
    JPEG_IRQHandler                          0x0810001b   Thumb Code     0  startup_stm32h743xx.o(.text)
    LPTIM1_IRQHandler                        0x0810001b   Thumb Code     0  startup_stm32h743xx.o(.text)
    LPTIM2_IRQHandler                        0x0810001b   Thumb Code     0  startup_stm32h743xx.o(.text)
    LPTIM3_IRQHandler                        0x0810001b   Thumb Code     0  startup_stm32h743xx.o(.text)
    LPTIM4_IRQHandler                        0x0810001b   Thumb Code     0  startup_stm32h743xx.o(.text)
    LPTIM5_IRQHandler                        0x0810001b   Thumb Code     0  startup_stm32h743xx.o(.text)
    LPUART1_IRQHandler                       0x0810001b   Thumb Code     0  startup_stm32h743xx.o(.text)
    LTDC_ER_IRQHandler                       0x0810001b   Thumb Code     0  startup_stm32h743xx.o(.text)
    LTDC_IRQHandler                          0x0810001b   Thumb Code     0  startup_stm32h743xx.o(.text)
    MDIOS_IRQHandler                         0x0810001b   Thumb Code     0  startup_stm32h743xx.o(.text)
    MDIOS_WKUP_IRQHandler                    0x0810001b   Thumb Code     0  startup_stm32h743xx.o(.text)
    MDMA_IRQHandler                          0x0810001b   Thumb Code     0  startup_stm32h743xx.o(.text)
    OTG_FS_EP1_IN_IRQHandler                 0x0810001b   Thumb Code     0  startup_stm32h743xx.o(.text)
    OTG_FS_EP1_OUT_IRQHandler                0x0810001b   Thumb Code     0  startup_stm32h743xx.o(.text)
    OTG_FS_IRQHandler                        0x0810001b   Thumb Code     0  startup_stm32h743xx.o(.text)
    OTG_FS_WKUP_IRQHandler                   0x0810001b   Thumb Code     0  startup_stm32h743xx.o(.text)
    OTG_HS_EP1_IN_IRQHandler                 0x0810001b   Thumb Code     0  startup_stm32h743xx.o(.text)
    OTG_HS_EP1_OUT_IRQHandler                0x0810001b   Thumb Code     0  startup_stm32h743xx.o(.text)
    OTG_HS_IRQHandler                        0x0810001b   Thumb Code     0  startup_stm32h743xx.o(.text)
    OTG_HS_WKUP_IRQHandler                   0x0810001b   Thumb Code     0  startup_stm32h743xx.o(.text)
    PVD_AVD_IRQHandler                       0x0810001b   Thumb Code     0  startup_stm32h743xx.o(.text)
    QUADSPI_IRQHandler                       0x0810001b   Thumb Code     0  startup_stm32h743xx.o(.text)
    RCC_IRQHandler                           0x0810001b   Thumb Code     0  startup_stm32h743xx.o(.text)
    RNG_IRQHandler                           0x0810001b   Thumb Code     0  startup_stm32h743xx.o(.text)
    RTC_Alarm_IRQHandler                     0x0810001b   Thumb Code     0  startup_stm32h743xx.o(.text)
    RTC_WKUP_IRQHandler                      0x0810001b   Thumb Code     0  startup_stm32h743xx.o(.text)
    SAI1_IRQHandler                          0x0810001b   Thumb Code     0  startup_stm32h743xx.o(.text)
    SAI2_IRQHandler                          0x0810001b   Thumb Code     0  startup_stm32h743xx.o(.text)
    SAI3_IRQHandler                          0x0810001b   Thumb Code     0  startup_stm32h743xx.o(.text)
    SAI4_IRQHandler                          0x0810001b   Thumb Code     0  startup_stm32h743xx.o(.text)
    SDMMC1_IRQHandler                        0x0810001b   Thumb Code     0  startup_stm32h743xx.o(.text)
    SDMMC2_IRQHandler                        0x0810001b   Thumb Code     0  startup_stm32h743xx.o(.text)
    SPDIF_RX_IRQHandler                      0x0810001b   Thumb Code     0  startup_stm32h743xx.o(.text)
    SPI1_IRQHandler                          0x0810001b   Thumb Code     0  startup_stm32h743xx.o(.text)
    SPI2_IRQHandler                          0x0810001b   Thumb Code     0  startup_stm32h743xx.o(.text)
    SPI3_IRQHandler                          0x0810001b   Thumb Code     0  startup_stm32h743xx.o(.text)
    SPI4_IRQHandler                          0x0810001b   Thumb Code     0  startup_stm32h743xx.o(.text)
    SPI5_IRQHandler                          0x0810001b   Thumb Code     0  startup_stm32h743xx.o(.text)
    SPI6_IRQHandler                          0x0810001b   Thumb Code     0  startup_stm32h743xx.o(.text)
    SWPMI1_IRQHandler                        0x0810001b   Thumb Code     0  startup_stm32h743xx.o(.text)
    TAMP_STAMP_IRQHandler                    0x0810001b   Thumb Code     0  startup_stm32h743xx.o(.text)
    TIM15_IRQHandler                         0x0810001b   Thumb Code     0  startup_stm32h743xx.o(.text)
    TIM16_IRQHandler                         0x0810001b   Thumb Code     0  startup_stm32h743xx.o(.text)
    TIM17_IRQHandler                         0x0810001b   Thumb Code     0  startup_stm32h743xx.o(.text)
    TIM1_BRK_IRQHandler                      0x0810001b   Thumb Code     0  startup_stm32h743xx.o(.text)
    TIM1_CC_IRQHandler                       0x0810001b   Thumb Code     0  startup_stm32h743xx.o(.text)
    TIM1_TRG_COM_IRQHandler                  0x0810001b   Thumb Code     0  startup_stm32h743xx.o(.text)
    TIM1_UP_IRQHandler                       0x0810001b   Thumb Code     0  startup_stm32h743xx.o(.text)
    TIM3_IRQHandler                          0x0810001b   Thumb Code     0  startup_stm32h743xx.o(.text)
    TIM4_IRQHandler                          0x0810001b   Thumb Code     0  startup_stm32h743xx.o(.text)
    TIM5_IRQHandler                          0x0810001b   Thumb Code     0  startup_stm32h743xx.o(.text)
    TIM6_DAC_IRQHandler                      0x0810001b   Thumb Code     0  startup_stm32h743xx.o(.text)
    TIM7_IRQHandler                          0x0810001b   Thumb Code     0  startup_stm32h743xx.o(.text)
    TIM8_BRK_TIM12_IRQHandler                0x0810001b   Thumb Code     0  startup_stm32h743xx.o(.text)
    TIM8_CC_IRQHandler                       0x0810001b   Thumb Code     0  startup_stm32h743xx.o(.text)
    TIM8_TRG_COM_TIM14_IRQHandler            0x0810001b   Thumb Code     0  startup_stm32h743xx.o(.text)
    TIM8_UP_TIM13_IRQHandler                 0x0810001b   Thumb Code     0  startup_stm32h743xx.o(.text)
    UART4_IRQHandler                         0x0810001b   Thumb Code     0  startup_stm32h743xx.o(.text)
    UART5_IRQHandler                         0x0810001b   Thumb Code     0  startup_stm32h743xx.o(.text)
    UART7_IRQHandler                         0x0810001b   Thumb Code     0  startup_stm32h743xx.o(.text)
    UART8_IRQHandler                         0x0810001b   Thumb Code     0  startup_stm32h743xx.o(.text)
    USART2_IRQHandler                        0x0810001b   Thumb Code     0  startup_stm32h743xx.o(.text)
    USART6_IRQHandler                        0x0810001b   Thumb Code     0  startup_stm32h743xx.o(.text)
    WAKEUP_PIN_IRQHandler                    0x0810001b   Thumb Code     0  startup_stm32h743xx.o(.text)
    WWDG_IRQHandler                          0x0810001b   Thumb Code     0  startup_stm32h743xx.o(.text)
    __aeabi_uldivmod                         0x08100025   Thumb Code    98  uldiv.o(.text)
    __aeabi_memset                           0x08100087   Thumb Code    14  memseta.o(.text)
    __aeabi_memset4                          0x08100087   Thumb Code     0  memseta.o(.text)
    __aeabi_memset8                          0x08100087   Thumb Code     0  memseta.o(.text)
    __aeabi_memclr                           0x08100095   Thumb Code     4  memseta.o(.text)
    __aeabi_memclr4                          0x08100095   Thumb Code     0  memseta.o(.text)
    __aeabi_memclr8                          0x08100095   Thumb Code     0  memseta.o(.text)
    _memset$wrapper                          0x08100099   Thumb Code    18  memseta.o(.text)
    BusFault_Handler                         0x081000ab   Thumb Code     4  stm32h7xx_it.o(i.BusFault_Handler)
    HAL_GetTick                              0x081000b1   Thumb Code     6  stm32h7xx_hal.o(i.HAL_GetTick)
    HAL_Init                                 0x081000bd   Thumb Code    28  stm32h7xx_hal.o(i.HAL_Init)
    HAL_MPU_ConfigRegion                     0x081000d9   Thumb Code    88  stm32h7xx_hal_cortex.o(i.HAL_MPU_ConfigRegion)
    HAL_MPU_Enable                           0x08100135   Thumb Code    58  stm32h7xx_hal_cortex.o(i.HAL_MPU_Enable)
    HAL_NVIC_EnableIRQ                       0x08100175   Thumb Code    32  stm32h7xx_hal_cortex.o(i.HAL_NVIC_EnableIRQ)
    HAL_NVIC_SetPriority                     0x08100195   Thumb Code   122  stm32h7xx_hal_cortex.o(i.HAL_NVIC_SetPriority)
    HAL_RCCEx_GetD1SysClockFreq              0x08100211   Thumb Code    44  stm32h7xx_hal_rcc_ex.o(i.HAL_RCCEx_GetD1SysClockFreq)
    HAL_RCCEx_GetD3PCLK1Freq                 0x08100249   Thumb Code    34  stm32h7xx_hal_rcc_ex.o(i.HAL_RCCEx_GetD3PCLK1Freq)
    HAL_RCC_GetPCLK1Freq                     0x08100275   Thumb Code    34  stm32h7xx_hal_rcc.o(i.HAL_RCC_GetPCLK1Freq)
    HAL_SRAM_Init                            0x081002a1   Thumb Code   100  stm32h7xx_hal_sram.o(i.HAL_SRAM_Init)
    HAL_SYSTICK_Config                       0x08100309   Thumb Code    52  stm32h7xx_hal_cortex.o(i.HAL_SYSTICK_Config)
    HAL_TIM_Base_MspInit                     0x0810033d   Thumb Code     2  stm32h7xx_hal_tim.o(i.HAL_TIM_Base_MspInit)
    HAL_TIM_Base_Start                       0x0810033f   Thumb Code    30  stm32h7xx_hal_tim.o(i.HAL_TIM_Base_Start)
    HAL_UART_Init                            0x0810035d   Thumb Code   120  stm32h7xx_hal_uart.o(i.HAL_UART_Init)
    HAL_UART_MspInit                         0x081003d5   Thumb Code     2  stm32h7xx_hal_uart.o(i.HAL_UART_MspInit)
    HC574_SetPin                             0x081004f1   Thumb Code    34  bsp_fmc_io.o(i.HC574_SetPin)
    MemManage_Handler                        0x0810071b   Thumb Code     4  stm32h7xx_it.o(i.MemManage_Handler)
    NMI_Handler                              0x0810071f   Thumb Code     2  stm32h7xx_it.o(i.NMI_Handler)
    RS485_InitTXE                            0x08100851   Thumb Code    60  bsp_uart_fifo.o(i.RS485_InitTXE)
    RS485_ReciveNew                          0x08100895   Thumb Code     2  bsp_uart_fifo.o(i.RS485_ReciveNew)
    RS485_SendBefor                          0x08100899   Thumb Code     8  bsp_uart_fifo.o(i.RS485_SendBefor)
    SVC_Handler                              0x081009bd   Thumb Code     2  stm32h7xx_it.o(i.SVC_Handler)
    SysTick_ISR                              0x081009c1   Thumb Code   110  bsp_timer.o(i.SysTick_ISR)
    SystemInit                               0x08100b65   Thumb Code   130  system_stm32h7xx.o(i.SystemInit)
    TIM_Base_SetConfig                       0x08100bf9   Thumb Code   172  stm32h7xx_hal_tim.o(i.TIM_Base_SetConfig)
    UART_AdvFeatureConfig                    0x08100cc5   Thumb Code   234  stm32h7xx_hal_uart.o(i.UART_AdvFeatureConfig)
    UART_CheckIdleState                      0x08100daf   Thumb Code   116  stm32h7xx_hal_uart.o(i.UART_CheckIdleState)
    UART_WaitOnFlagUntilTimeout              0x08100e23   Thumb Code   108  stm32h7xx_hal_uart.o(i.UART_WaitOnFlagUntilTimeout)
    USART1_IRQHandler                        0x08100e91   Thumb Code    10  bsp_uart_fifo.o(i.USART1_IRQHandler)
    USART3_IRQHandler                        0x08100ea1   Thumb Code    10  bsp_uart_fifo.o(i.USART3_IRQHandler)
    bsp_GetRunTime                           0x0810106d   Thumb Code    22  bsp_timer.o(i.bsp_GetRunTime)
    bsp_Idle                                 0x08101089   Thumb Code     2  bsp.o(i.bsp_Idle)
    bsp_Init                                 0x0810108b   Thumb Code    40  bsp.o(i.bsp_Init)
    bsp_InitLed                              0x081011e5   Thumb Code    28  bsp_led.o(i.bsp_InitLed)
    bsp_LedOff                               0x08101201   Thumb Code    60  bsp_led.o(i.bsp_LedOff)
    bsp_RunPer10ms                           0x0810123d   Thumb Code     8  bsp.o(i.bsp_RunPer10ms)
    bsp_SetKeyParam                          0x08101245   Thumb Code    40  bsp_key.o(i.bsp_SetKeyParam)
    u8g2_DrawHVLine                          0x08101271   Thumb Code   220  u8g2_hvline.o(i.u8g2_DrawHVLine)
    u8g2_DrawVLine                           0x0810134d   Thumb Code    28  u8g2_hvline.o(i.u8g2_DrawVLine)
    u8g2_IsIntersection                      0x08101369   Thumb Code    58  u8g2_intersection.o(i.u8g2_IsIntersection)
    u8g2_NextPage                            0x081013a3   Thumb Code    64  u8g2_buffer.o(i.u8g2_NextPage)
    u8g2_SetBufferCurrTileRow                0x081013e3   Thumb Code    28  u8g2_buffer.o(i.u8g2_SetBufferCurrTileRow)
    u8g2_SetFontMode                         0x081013ff   Thumb Code     6  u8g2_font.o(i.u8g2_SetFontMode)
    u8g2_SetMaxClipWindow                    0x08101405   Thumb Code    32  u8g2_setup.o(i.u8g2_SetMaxClipWindow)
    u8g2_add_vector_y                        0x08101425   Thumb Code    42  u8g2_font.o(i.u8g2_add_vector_y)
    u8g2_draw_l90_r1                         0x0810149b   Thumb Code    68  u8g2_setup.o(i.u8g2_draw_l90_r1)
    u8g2_draw_l90_r2                         0x081014df   Thumb Code    86  u8g2_setup.o(i.u8g2_draw_l90_r2)
    u8g2_draw_l90_r3                         0x08101535   Thumb Code    80  u8g2_setup.o(i.u8g2_draw_l90_r3)
    u8g2_draw_mirror_vertical_r0             0x08101585   Thumb Code    60  u8g2_setup.o(i.u8g2_draw_mirror_vertical_r0)
    u8g2_font_decode_get_signed_bits         0x081015c1   Thumb Code    36  u8g2_font.o(i.u8g2_font_decode_get_signed_bits)
    u8g2_font_decode_len                     0x081015e5   Thumb Code   176  u8g2_font.o(i.u8g2_font_decode_len)
    u8g2_font_get_glyph_data                 0x08101695   Thumb Code   146  u8g2_font.o(i.u8g2_font_get_glyph_data)
    u8g2_is_intersection_decision_tree       0x0810173f   Thumb Code    48  u8g2_intersection.o(i.u8g2_is_intersection_decision_tree)
    u8g2_ll_hvline_vertical_top_lsb          0x0810176f   Thumb Code   238  u8g2_ll_hvline.o(i.u8g2_ll_hvline_vertical_top_lsb)
    u8g2_update_dimension_r0                 0x08101893   Thumb Code    12  u8g2_setup.o(i.u8g2_update_dimension_r0)
    u8g2_update_dimension_r3                 0x0810189f   Thumb Code    28  u8g2_setup.o(i.u8g2_update_dimension_r3)
    u8g2_update_page_win_r1                  0x081018bb   Thumb Code    32  u8g2_setup.o(i.u8g2_update_page_win_r1)
    u8g2_update_page_win_r3                  0x081018db   Thumb Code    60  u8g2_setup.o(i.u8g2_update_page_win_r3)
    u8x8_DrawTile                            0x08101917   Thumb Code    50  u8x8_display.o(i.u8x8_DrawTile)
    u8x8_InitDisplay                         0x08101949   Thumb Code    18  u8x8_display.o(i.u8x8_InitDisplay)
    u8x8_SetPowerSave                        0x0810195b   Thumb Code    20  u8x8_display.o(i.u8x8_SetPowerSave)
    u8x8_SetupDefaults                       0x08101971   Thumb Code    38  u8x8_setup.o(i.u8x8_SetupDefaults)
    u8x8_SetupMemory                         0x0810199d   Thumb Code    18  u8x8_display.o(i.u8x8_SetupMemory)
    u8x8_byte_SendByte                       0x081019af   Thumb Code    16  u8x8_byte.o(i.u8x8_byte_SendByte)
    u8x8_byte_SendBytes                      0x081019bf   Thumb Code    26  u8x8_byte.o(i.u8x8_byte_SendBytes)
    u8x8_byte_SetDC                          0x081019d9   Thumb Code    20  u8x8_byte.o(i.u8x8_byte_SetDC)
    u8x8_cad_EndTransfer                     0x081019ed   Thumb Code    18  u8x8_cad.o(i.u8x8_cad_EndTransfer)
    u8x8_cad_SendCmd                         0x081019ff   Thumb Code    20  u8x8_cad.o(i.u8x8_cad_SendCmd)
    u8x8_d_helper_display_init               0x08101a13   Thumb Code    96  u8x8_display.o(i.u8x8_d_helper_display_init)
    u8x8_d_helper_display_setup_memory       0x08101a73   Thumb Code    12  u8x8_display.o(i.u8x8_d_helper_display_setup_memory)
    u8x8_d_ssd1306_128x64_noname             0x08101a81   Thumb Code    76  u8x8_d_ssd1306_128x64_noname.o(i.u8x8_d_ssd1306_128x64_noname)
    u8x8_gpio_call                           0x08101bd9   Thumb Code    26  u8x8_gpio.o(i.u8x8_gpio_call)
    u8x8_utf8_init                           0x08101bf3   Thumb Code     8  u8x8_8x8.o(i.u8x8_utf8_init)
    u8g2_font_inb30_mn                       0x08101bfa   Data         807  u8g2_fonts.o(.constdata)
    u8g2_font_4x6_tr                         0x08101f21   Data         723  u8g2_fonts.o(.constdata)
    u8g2_font_inb24_mf                       0x081021f4   Data        8821  u8g2_fonts.o(.constdata)
    u8g2_cb_r0                               0x0810446c   Data          12  u8g2_setup.o(.constdata)
    u8g2_cb_r1                               0x08104478   Data          12  u8g2_setup.o(.constdata)
    u8g2_cb_r2                               0x08104484   Data          12  u8g2_setup.o(.constdata)
    u8g2_cb_r3                               0x08104490   Data          12  u8g2_setup.o(.constdata)
    u8g2_cb_mirror                           0x0810449c   Data          12  u8g2_setup.o(.constdata)
    u8g2_cb_mirror_vertical                  0x081044a8   Data          12  u8g2_setup.o(.constdata)
    g_iRunTime                               0x24000018   Data           4  bsp_timer.o(.data)
    g_HC574                                  0x24000020   Data           4  bsp_fmc_io.o(.data)
    SystemCoreClock                          0x24000030   Data           4  system_stm32h7xx.o(.data)
    SystemD2Clock                            0x24000034   Data           4  system_stm32h7xx.o(.data)
    __initial_sp                             0x24002578   Data           0  startup_stm32h743xx.o(STACK)



==============================================================================

Memory Map of the image

  Image Entry point : 0x08000299

  Load Region LR_IROM1 (Base: 0x08000000, Size: 0x00004680, Max: 0x00100000, ABSOLUTE)

    Execution Region ER_IROM1 (Exec base: 0x08000000, Load base: 0x08000000, Size: 0x00004644, Max: 0x00100000, ABSOLUTE)

    Exec Addr    Load Addr    Size         Type   Attr      Idx    E Section Name        Object

    0x08000000   0x08000000   0x00000298   Data   RO         1206    RESET               startup_stm32h743xx.o
    0x08000298   0x08000298   0x00000000   Code   RO         6820  * .ARM.Collect$$$$00000000  mc_w.l(entry.o)
    0x08000298   0x08000298   0x00000004   Code   RO         7094    .ARM.Collect$$$$00000001  mc_w.l(entry2.o)
    0x0800029c   0x0800029c   0x00000004   Code   RO         7097    .ARM.Collect$$$$00000004  mc_w.l(entry5.o)
    0x080002a0   0x080002a0   0x00000000   Code   RO         7099    .ARM.Collect$$$$00000008  mc_w.l(entry7b.o)
    0x080002a0   0x080002a0   0x00000000   Code   RO         7101    .ARM.Collect$$$$0000000A  mc_w.l(entry8b.o)
    0x080002a0   0x080002a0   0x00000008   Code   RO         7102    .ARM.Collect$$$$0000000B  mc_w.l(entry9a.o)
    0x080002a8   0x080002a8   0x00000004   Code   RO         7109    .ARM.Collect$$$$0000000E  mc_w.l(entry12b.o)
    0x080002ac   0x080002ac   0x00000000   Code   RO         7104    .ARM.Collect$$$$0000000F  mc_w.l(entry10a.o)
    0x080002ac   0x080002ac   0x00000000   Code   RO         7106    .ARM.Collect$$$$00000011  mc_w.l(entry11a.o)
    0x080002ac   0x080002ac   0x00000004   Code   RO         7095    .ARM.Collect$$$$00002712  mc_w.l(entry2.o)
    0x080002b0   0x080002b0   0x0000001e   Code   RO         7113    .text               mc_w.l(llshl.o)
    0x080002ce   0x080002ce   0x00000020   Code   RO         7115    .text               mc_w.l(llushr.o)
    0x080002ee   0x080002ee   0x00000002   PAD
    0x080002f0   0x080002f0   0x00000024   Code   RO         7128    .text               mc_w.l(init.o)
    0x08000314   0x08000314   0x00000012   Code   RO         6789    OSKERNEL            hardfaulthandler.o
    0x08000326   0x08000326   0x0000000c   Code   RO          389    i.CPU_CACHE_Enable  bsp.o
    0x08000332   0x08000332   0x00000002   Code   RO         1000    i.DebugMon_Handler  stm32h7xx_it.o
    0x08000334   0x08000334   0x00000008   Code   RO          390    i.Error_Handler     bsp.o
    0x0800033c   0x0800033c   0x00000048   Code   RO         2019    i.FMC_NORSRAM_Extended_Timing_Init  stm32h7xx_ll_fmc.o
    0x08000384   0x08000384   0x00000080   Code   RO         2020    i.FMC_NORSRAM_Init  stm32h7xx_ll_fmc.o
    0x08000404   0x08000404   0x0000005e   Code   RO         2021    i.FMC_NORSRAM_Timing_Init  stm32h7xx_ll_fmc.o
    0x08000462   0x08000462   0x00000002   PAD
    0x08000464   0x08000464   0x00000014   Code   RO         1230    i.HAL_EnableCompensationCell  stm32h7xx_hal.o
    0x08000478   0x08000478   0x0000024c   Code   RO         1778    i.HAL_GPIO_Init     stm32h7xx_hal_gpio.o
    0x080006c4   0x080006c4   0x00000018   Code   RO         1240    i.HAL_IncTick       stm32h7xx_hal.o
    0x080006dc   0x080006dc   0x0000004c   Code   RO         1242    i.HAL_InitTick      stm32h7xx_hal.o
    0x08000728   0x08000728   0x0000002c   Code   RO         1531    i.HAL_MPU_Disable   stm32h7xx_hal_cortex.o
    0x08000754   0x08000754   0x00000002   Code   RO         1244    i.HAL_MspInit       stm32h7xx_hal.o
    0x08000756   0x08000756   0x00000002   PAD
    0x08000758   0x08000758   0x00000028   Code   RO         1542    i.HAL_NVIC_SetPriorityGrouping  stm32h7xx_hal_cortex.o
    0x08000780   0x08000780   0x0000022c   Code   RO         1858    i.HAL_RCCEx_GetPLL2ClockFreq  stm32h7xx_hal_rcc_ex.o
    0x080009ac   0x080009ac   0x0000022c   Code   RO         1859    i.HAL_RCCEx_GetPLL3ClockFreq  stm32h7xx_hal_rcc_ex.o
    0x08000bd8   0x08000bd8   0x00000b38   Code   RO         1863    i.HAL_RCCEx_PeriphCLKConfig  stm32h7xx_hal_rcc_ex.o
    0x08001710   0x08001710   0x00000250   Code   RO         1678    i.HAL_RCC_ClockConfig  stm32h7xx_hal_rcc.o
    0x08001960   0x08001960   0x00000038   Code   RO         1682    i.HAL_RCC_GetHCLKFreq  stm32h7xx_hal_rcc.o
    0x08001998   0x08001998   0x0000002c   Code   RO         1685    i.HAL_RCC_GetPCLK2Freq  stm32h7xx_hal_rcc.o
    0x080019c4   0x080019c4   0x00000244   Code   RO         1686    i.HAL_RCC_GetSysClockFreq  stm32h7xx_hal_rcc.o
    0x08001c08   0x08001c08   0x000006c4   Code   RO         1689    i.HAL_RCC_OscConfig  stm32h7xx_hal_rcc.o
    0x080022cc   0x080022cc   0x00000002   Code   RO         2583    i.HAL_SRAM_MspInit  stm32h7xx_hal_sram.o
    0x080022ce   0x080022ce   0x00000034   Code   RO         3035    i.HAL_TIM_Base_Init  stm32h7xx_hal_tim.o
    0x08002302   0x08002302   0x00000002   PAD
    0x08002304   0x08002304   0x000000a0   Code   RO          751    i.HC574_ConfigFMC   bsp_fmc_io.o
    0x080023a4   0x080023a4   0x00000108   Code   RO         6795    i.HardFaultHandler  segger_hardfaulthandler.o
    0x080024ac   0x080024ac   0x00000034   Code   RO          523    i.KeyPinActive      bsp_key.o
    0x080024e0   0x080024e0   0x00000092   Code   RO          391    i.MPU_Config        bsp.o
    0x08002572   0x08002572   0x00000002   PAD
    0x08002574   0x08002574   0x0000012c   Code   RO         1066    i.OLED_ConfigGPIO   bsp_fmc_oled.o
    0x080026a0   0x080026a0   0x00000002   Code   RO         1003    i.PendSV_Handler    stm32h7xx_it.o
    0x080026a2   0x080026a2   0x00000002   PAD
    0x080026a4   0x080026a4   0x00000130   Code   RO         1866    i.RCCEx_PLL2_Config  stm32h7xx_hal_rcc_ex.o
    0x080027d4   0x080027d4   0x0000000c   Code   RO          823    i.RS485_SendOver    bsp_uart_fifo.o
    0x080027e0   0x080027e0   0x0000001c   Code   RO          627    i.SysTick_Handler   bsp_timer.o
    0x080027fc   0x080027fc   0x000000b4   Code   RO          629    i.TIM2_IRQHandler   bsp_timer.o
    0x080028b0   0x080028b0   0x000009a4   Code   RO         2218    i.UART_SetConfig    stm32h7xx_hal_uart.o
    0x08003254   0x08003254   0x00000094   Code   RO          832    i.UartVarInit       bsp_uart_fifo.o
    0x080032e8   0x080032e8   0x00000004   Code   RO         1005    i.UsageFault_Handler  stm32h7xx_it.o
    0x080032ec   0x080032ec   0x0000000e   Code   RO         7136    i.__scatterload_copy  mc_w.l(handlers.o)
    0x080032fa   0x080032fa   0x00000002   Code   RO         7137    i.__scatterload_null  mc_w.l(handlers.o)
    0x080032fc   0x080032fc   0x0000000e   Code   RO         7138    i.__scatterload_zeroinit  mc_w.l(handlers.o)
    0x0800330a   0x0800330a   0x00000002   PAD
    0x0800330c   0x0800330c   0x0000002c   Code   RO          631    i.bsp_CheckRunTime  bsp_timer.o
    0x08003338   0x08003338   0x00000044   Code   RO          633    i.bsp_DelayMS       bsp_timer.o
    0x0800337c   0x0800337c   0x00000054   Code   RO          634    i.bsp_DelayUS       bsp_timer.o
    0x080033d0   0x080033d0   0x0000016c   Code   RO          526    i.bsp_DetectKey     bsp_key.o
    0x0800353c   0x0800353c   0x00000024   Code   RO          756    i.bsp_InitExtIO     bsp_fmc_io.o
    0x08003560   0x08003560   0x000000fc   Code   RO          636    i.bsp_InitHardTimer  bsp_timer.o
    0x0800365c   0x0800365c   0x0000000c   Code   RO          530    i.bsp_InitKey       bsp_key.o
    0x08003668   0x08003668   0x000000a8   Code   RO          637    i.bsp_InitTimer     bsp_timer.o
    0x08003710   0x08003710   0x00000010   Code   RO          834    i.bsp_InitUart      bsp_uart_fifo.o
    0x08003720   0x08003720   0x00000074   Code   RO          533    i.bsp_KeyScan10ms   bsp_key.o
    0x08003794   0x08003794   0x00000020   Code   RO          535    i.bsp_PutKey        bsp_key.o
    0x080037b4   0x080037b4   0x00000002   Code   RO          398    i.bsp_RunPer1ms     bsp.o
    0x080037b6   0x080037b6   0x00000002   PAD
    0x080037b8   0x080037b8   0x00000070   Code   RO          835    i.bsp_SetUartParam  bsp_uart_fifo.o
    0x08003828   0x08003828   0x0000001c   Code   RO          638    i.bsp_SoftTimerDec  bsp_timer.o
    0x08003844   0x08003844   0x000000ec   Code   RO            4    i.draw              main.o
    0x08003930   0x08003930   0x0000002c   Code   RO            5    i.main              main.o
    0x0800395c   0x0800395c   0x0000001c   Code   RO         4737    i.u8g2_ClearBuffer  u8g2_buffer.o
    0x08003978   0x08003978   0x00000062   Code   RO         4967    i.u8g2_DrawGlyph    u8g2_font.o
    0x080039da   0x080039da   0x0000001c   Code   RO         5304    i.u8g2_DrawHLine    u8g2_hvline.o
    0x080039f6   0x080039f6   0x00000002   PAD
    0x080039f8   0x080039f8   0x00000024   Code   RO         4969    i.u8g2_DrawStr      u8g2_font.o
    0x08003a1c   0x08003a1c   0x0000001a   Code   RO         4738    i.u8g2_FirstPage    u8g2_buffer.o
    0x08003a36   0x08003a36   0x00000020   Code   RO         4986    i.u8g2_SetFont      u8g2_font.o
    0x08003a56   0x08003a56   0x00000006   Code   RO         4987    i.u8g2_SetFontDirection  u8g2_font.o
    0x08003a5c   0x08003a5c   0x0000000c   Code   RO         4989    i.u8g2_SetFontPosBaseline  u8g2_font.o
    0x08003a68   0x08003a68   0x0000005a   Code   RO         5582    i.u8g2_SetupBuffer  u8g2_setup.o
    0x08003ac2   0x08003ac2   0x00000002   PAD
    0x08003ac4   0x08003ac4   0x00000044   Code   RO         4935    i.u8g2_Setup_ssd1306_128x64_noname_f  u8g2_d_setup.o
    0x08003b08   0x08003b08   0x00000088   Code   RO         4996    i.u8g2_UpdateRefHeight  u8g2_font.o
    0x08003b90   0x08003b90   0x0000002a   Code   RO         4997    i.u8g2_add_vector_x  u8g2_font.o
    0x08003bba   0x08003bba   0x0000007a   Code   RO         5584    i.u8g2_apply_clip_window  u8g2_setup.o
    0x08003c34   0x08003c34   0x0000002c   Code   RO         5310    i.u8g2_draw_hv_line_2dir  u8g2_hvline.o
    0x08003c60   0x08003c60   0x0000003c   Code   RO         5585    i.u8g2_draw_l90_mirrorr_r0  u8g2_setup.o
    0x08003c9c   0x08003c9c   0x00000024   Code   RO         5586    i.u8g2_draw_l90_r0  u8g2_setup.o
    0x08003cc0   0x08003cc0   0x00000090   Code   RO         4999    i.u8g2_draw_string  u8g2_font.o
    0x08003d50   0x08003d50   0x00000006   Code   RO         5006    i.u8g2_font_calc_vref_font  u8g2_font.o
    0x08003d56   0x08003d56   0x00000042   Code   RO         5009    i.u8g2_font_decode_get_unsigned_bits  u8g2_font.o
    0x08003d98   0x08003d98   0x00000182   Code   RO         5010    i.u8g2_font_decode_glyph  u8g2_font.o
    0x08003f1a   0x08003f1a   0x0000003a   Code   RO         5012    i.u8g2_font_draw_glyph  u8g2_font.o
    0x08003f54   0x08003f54   0x00000008   Code   RO         5013    i.u8g2_font_get_byte  u8g2_font.o
    0x08003f5c   0x08003f5c   0x00000040   Code   RO         5016    i.u8g2_font_setup_decode  u8g2_font.o
    0x08003f9c   0x08003f9c   0x000000d0   Code   RO            6    i.u8g2_gpio_and_delay  main.o
    0x0800406c   0x0800406c   0x0000003c   Code   RO            7    i.u8g2_init         main.o
    0x080040a8   0x080040a8   0x00000010   Code   RO         4919    i.u8g2_m_16_8_f     u8g2_d_memory.o
    0x080040b8   0x080040b8   0x000000e0   Code   RO         5018    i.u8g2_read_font_info  u8g2_font.o
    0x08004198   0x08004198   0x00000036   Code   RO         4748    i.u8g2_send_buffer  u8g2_buffer.o
    0x080041ce   0x080041ce   0x00000060   Code   RO         5591    i.u8g2_update_dimension_common  u8g2_setup.o
    0x0800422e   0x0800422e   0x0000001c   Code   RO         5593    i.u8g2_update_dimension_r1  u8g2_setup.o
    0x0800424a   0x0800424a   0x0000000c   Code   RO         5594    i.u8g2_update_dimension_r2  u8g2_setup.o
    0x08004256   0x08004256   0x00000020   Code   RO         5596    i.u8g2_update_page_win_r0  u8g2_setup.o
    0x08004276   0x08004276   0x0000003c   Code   RO         5598    i.u8g2_update_page_win_r2  u8g2_setup.o
    0x080042b2   0x080042b2   0x00000012   Code   RO         6421    i.u8x8_RefreshDisplay  u8x8_display.o
    0x080042c4   0x080042c4   0x00000014   Code   RO         6422    i.u8x8_SetContrast  u8x8_display.o
    0x080042d8   0x080042d8   0x0000002a   Code   RO         6588    i.u8x8_Setup        u8x8_setup.o
    0x08004302   0x08004302   0x00000012   Code   RO         5883    i.u8x8_ascii_next   u8x8_8x8.o
    0x08004314   0x08004314   0x00000120   Code   RO         6016    i.u8x8_byte_4wire_sw_spi  u8x8_byte.o
    0x08004434   0x08004434   0x0000006c   Code   RO         6151    i.u8x8_cad_001      u8x8_cad.o
    0x080044a0   0x080044a0   0x00000014   Code   RO         6156    i.u8x8_cad_SendArg  u8x8_cad.o
    0x080044b4   0x080044b4   0x0000001a   Code   RO         6158    i.u8x8_cad_SendData  u8x8_cad.o
    0x080044ce   0x080044ce   0x0000007c   Code   RO         6160    i.u8x8_cad_SendSequence  u8x8_cad.o
    0x0800454a   0x0800454a   0x00000012   Code   RO         6161    i.u8x8_cad_StartTransfer  u8x8_cad.o
    0x0800455c   0x0800455c   0x00000008   Code   RO         6591    i.u8x8_dummy_cb     u8x8_setup.o
    0x08004564   0x08004564   0x00000050   Data   RO          538    .constdata          bsp_key.o
    0x080045b4   0x080045b4   0x00000030   Data   RO         2221    .constdata          stm32h7xx_hal_uart.o
    0x080045e4   0x080045e4   0x00000040   Data   RO         3951    .constdata          system_stm32h7xx.o
    0x08004624   0x08004624   0x00000020   Data   RO         7134    Region$$Table       anon$$obj.o


    Execution Region RW_IRAM1 (Exec base: 0x20000000, Load base: 0x08004644, Size: 0x00000000, Max: 0x00020000, ABSOLUTE)

    **** No section assigned to this execution region ****


    Execution Region RW_IRAM2 (Exec base: 0x24000000, Load base: 0x08004644, Size: 0x00002578, Max: 0x00080000, ABSOLUTE)

    Exec Addr    Load Addr    Size         Type   Attr      Idx    E Section Name        Object

    0x24000000   0x08004644   0x0000001e   Data   RW          645    .data               bsp_timer.o
    0x2400001e   0x08004662   0x00000002   PAD
    0x24000020   0x08004664   0x00000004   Data   RW          759    .data               bsp_fmc_io.o
    0x24000024   0x08004668   0x00000009   Data   RW         1264    .data               stm32h7xx_hal.o
    0x2400002d   0x08004671   0x00000003   PAD
    0x24000030   0x08004674   0x00000008   Data   RW         3952    .data               system_stm32h7xx.o
    0x24000038   0x0800467c   0x00000004   Data   RW         6798    .data               segger_hardfaulthandler.o
    0x2400003c        -       0x0000006d   Zero   RW          537    .bss                bsp_key.o
    0x240000a9   0x08004680   0x00000003   PAD
    0x240000ac        -       0x00000030   Zero   RW          643    .bss                bsp_timer.o
    0x240000dc        -       0x00001058   Zero   RW          844    .bss                bsp_uart_fifo.o
    0x24001134        -       0x00000400   Zero   RW         4920    .bss                u8g2_d_memory.o
    0x24001534        -       0x00000040   Zero   RW         6796    .bss                segger_hardfaulthandler.o
    0x24001574   0x08004680   0x00000004   PAD
    0x24001578        -       0x00001000   Zero   RW         1204    STACK               startup_stm32h743xx.o



  Load Region LR_IROM2 (Base: 0x08100000, Size: 0x0000460c, Max: 0x00100000, ABSOLUTE)

    Execution Region ER_IROM2 (Exec base: 0x08100000, Load base: 0x08100000, Size: 0x0000460c, Max: 0x00100000, ABSOLUTE)

    Exec Addr    Load Addr    Size         Type   Attr      Idx    E Section Name        Object

    0x08100000   0x08100000   0x00000024   Code   RO         1207    .text               startup_stm32h743xx.o
    0x08100024   0x08100024   0x00000062   Code   RO         6823    .text               mc_w.l(uldiv.o)
    0x08100086   0x08100086   0x00000024   Code   RO         6827    .text               mc_w.l(memseta.o)
    0x081000aa   0x081000aa   0x00000004   Code   RO          999    i.BusFault_Handler  stm32h7xx_it.o
    0x081000ae   0x081000ae   0x00000002   PAD
    0x081000b0   0x081000b0   0x0000000c   Code   RO         1237    i.HAL_GetTick       stm32h7xx_hal.o
    0x081000bc   0x081000bc   0x0000001c   Code   RO         1241    i.HAL_Init          stm32h7xx_hal.o
    0x081000d8   0x081000d8   0x0000005c   Code   RO         1530    i.HAL_MPU_ConfigRegion  stm32h7xx_hal_cortex.o
    0x08100134   0x08100134   0x00000040   Code   RO         1532    i.HAL_MPU_Enable    stm32h7xx_hal_cortex.o
    0x08100174   0x08100174   0x00000020   Code   RO         1535    i.HAL_NVIC_EnableIRQ  stm32h7xx_hal_cortex.o
    0x08100194   0x08100194   0x0000007a   Code   RO         1541    i.HAL_NVIC_SetPriority  stm32h7xx_hal_cortex.o
    0x0810020e   0x0810020e   0x00000002   PAD
    0x08100210   0x08100210   0x00000038   Code   RO         1855    i.HAL_RCCEx_GetD1SysClockFreq  stm32h7xx_hal_rcc_ex.o
    0x08100248   0x08100248   0x0000002c   Code   RO         1856    i.HAL_RCCEx_GetD3PCLK1Freq  stm32h7xx_hal_rcc_ex.o
    0x08100274   0x08100274   0x0000002c   Code   RO         1684    i.HAL_RCC_GetPCLK1Freq  stm32h7xx_hal_rcc.o
    0x081002a0   0x081002a0   0x00000068   Code   RO         2581    i.HAL_SRAM_Init     stm32h7xx_hal_sram.o
    0x08100308   0x08100308   0x00000034   Code   RO         1546    i.HAL_SYSTICK_Config  stm32h7xx_hal_cortex.o
    0x0810033c   0x0810033c   0x00000002   Code   RO         3037    i.HAL_TIM_Base_MspInit  stm32h7xx_hal_tim.o
    0x0810033e   0x0810033e   0x0000001e   Code   RO         3038    i.HAL_TIM_Base_Start  stm32h7xx_hal_tim.o
    0x0810035c   0x0810035c   0x00000078   Code   RO         2189    i.HAL_UART_Init     stm32h7xx_hal_uart.o
    0x081003d4   0x081003d4   0x00000002   Code   RO         2191    i.HAL_UART_MspInit  stm32h7xx_hal_uart.o
    0x081003d6   0x081003d6   0x00000002   PAD
    0x081003d8   0x081003d8   0x00000118   Code   RO          752    i.HC574_ConfigGPIO  bsp_fmc_io.o
    0x081004f0   0x081004f0   0x0000002c   Code   RO          754    i.HC574_SetPin      bsp_fmc_io.o
    0x0810051c   0x0810051c   0x000001c0   Code   RO          818    i.InitHardUart      bsp_uart_fifo.o
    0x081006dc   0x081006dc   0x0000003e   Code   RO          522    i.IsKeyDownFunc     bsp_key.o
    0x0810071a   0x0810071a   0x00000004   Code   RO         1001    i.MemManage_Handler  stm32h7xx_it.o
    0x0810071e   0x0810071e   0x00000002   Code   RO         1002    i.NMI_Handler       stm32h7xx_it.o
    0x08100720   0x08100720   0x00000130   Code   RO         1867    i.RCCEx_PLL3_Config  stm32h7xx_hal_rcc_ex.o
    0x08100850   0x08100850   0x00000044   Code   RO          819    i.RS485_InitTXE     bsp_uart_fifo.o
    0x08100894   0x08100894   0x00000002   Code   RO          820    i.RS485_ReciveNew   bsp_uart_fifo.o
    0x08100896   0x08100896   0x00000002   PAD
    0x08100898   0x08100898   0x0000000c   Code   RO          821    i.RS485_SendBefor   bsp_uart_fifo.o
    0x081008a4   0x081008a4   0x0000009c   Code   RO          392    i.SCB_EnableDCache  bsp.o
    0x08100940   0x08100940   0x0000007c   Code   RO          393    i.SCB_EnableICache  bsp.o
    0x081009bc   0x081009bc   0x00000002   Code   RO         1004    i.SVC_Handler       stm32h7xx_it.o
    0x081009be   0x081009be   0x00000002   PAD
    0x081009c0   0x081009c0   0x00000084   Code   RO          628    i.SysTick_ISR       bsp_timer.o
    0x08100a44   0x08100a44   0x00000120   Code   RO          394    i.SystemClock_Config  bsp.o
    0x08100b64   0x08100b64   0x00000094   Code   RO         3950    i.SystemInit        system_stm32h7xx.o
    0x08100bf8   0x08100bf8   0x000000cc   Code   RO         3119    i.TIM_Base_SetConfig  stm32h7xx_hal_tim.o
    0x08100cc4   0x08100cc4   0x000000ea   Code   RO         2202    i.UART_AdvFeatureConfig  stm32h7xx_hal_uart.o
    0x08100dae   0x08100dae   0x00000074   Code   RO         2203    i.UART_CheckIdleState  stm32h7xx_hal_uart.o
    0x08100e22   0x08100e22   0x0000006c   Code   RO         2220    i.UART_WaitOnFlagUntilTimeout  stm32h7xx_hal_uart.o
    0x08100e8e   0x08100e8e   0x00000002   PAD
    0x08100e90   0x08100e90   0x00000010   Code   RO          826    i.USART1_IRQHandler  bsp_uart_fifo.o
    0x08100ea0   0x08100ea0   0x00000010   Code   RO          827    i.USART3_IRQHandler  bsp_uart_fifo.o
    0x08100eb0   0x08100eb0   0x0000017a   Code   RO          829    i.UartIRQ           bsp_uart_fifo.o
    0x0810102a   0x0810102a   0x00000002   PAD
    0x0810102c   0x0810102c   0x00000010   Code   RO         1548    i.__NVIC_GetPriorityGrouping  stm32h7xx_hal_cortex.o
    0x0810103c   0x0810103c   0x00000028   Code   RO         1549    i.__NVIC_SetPriority  stm32h7xx_hal_cortex.o
    0x08101064   0x08101064   0x00000006   Code   RO          630    i.__set_PRIMASK     bsp_timer.o
    0x0810106a   0x0810106a   0x00000002   PAD
    0x0810106c   0x0810106c   0x0000001c   Code   RO          635    i.bsp_GetRunTime    bsp_timer.o
    0x08101088   0x08101088   0x00000002   Code   RO          395    i.bsp_Idle          bsp.o
    0x0810108a   0x0810108a   0x00000028   Code   RO          396    i.bsp_Init          bsp.o
    0x081010b2   0x081010b2   0x00000002   PAD
    0x081010b4   0x081010b4   0x0000008c   Code   RO          531    i.bsp_InitKeyHard   bsp_key.o
    0x08101140   0x08101140   0x000000a4   Code   RO          532    i.bsp_InitKeyVar    bsp_key.o
    0x081011e4   0x081011e4   0x0000001c   Code   RO          472    i.bsp_InitLed       bsp_led.o
    0x08101200   0x08101200   0x0000003c   Code   RO          474    i.bsp_LedOff        bsp_led.o
    0x0810123c   0x0810123c   0x00000008   Code   RO          397    i.bsp_RunPer10ms    bsp.o
    0x08101244   0x08101244   0x0000002c   Code   RO          536    i.bsp_SetKeyParam   bsp_key.o
    0x08101270   0x08101270   0x000000dc   Code   RO         5305    i.u8g2_DrawHVLine   u8g2_hvline.o
    0x0810134c   0x0810134c   0x0000001c   Code   RO         5307    i.u8g2_DrawVLine    u8g2_hvline.o
    0x08101368   0x08101368   0x0000003a   Code   RO         5366    i.u8g2_IsIntersection  u8g2_intersection.o
    0x081013a2   0x081013a2   0x00000040   Code   RO         4739    i.u8g2_NextPage     u8g2_buffer.o
    0x081013e2   0x081013e2   0x0000001c   Code   RO         4741    i.u8g2_SetBufferCurrTileRow  u8g2_buffer.o
    0x081013fe   0x081013fe   0x00000006   Code   RO         4988    i.u8g2_SetFontMode  u8g2_font.o
    0x08101404   0x08101404   0x00000020   Code   RO         5581    i.u8g2_SetMaxClipWindow  u8g2_setup.o
    0x08101424   0x08101424   0x0000002a   Code   RO         4998    i.u8g2_add_vector_y  u8g2_font.o
    0x0810144e   0x0810144e   0x0000004c   Code   RO         5309    i.u8g2_clip_intersection2  u8g2_hvline.o
    0x0810149a   0x0810149a   0x00000044   Code   RO         5587    i.u8g2_draw_l90_r1  u8g2_setup.o
    0x081014de   0x081014de   0x00000056   Code   RO         5588    i.u8g2_draw_l90_r2  u8g2_setup.o
    0x08101534   0x08101534   0x00000050   Code   RO         5589    i.u8g2_draw_l90_r3  u8g2_setup.o
    0x08101584   0x08101584   0x0000003c   Code   RO         5590    i.u8g2_draw_mirror_vertical_r0  u8g2_setup.o
    0x081015c0   0x081015c0   0x00000024   Code   RO         5008    i.u8g2_font_decode_get_signed_bits  u8g2_font.o
    0x081015e4   0x081015e4   0x000000b0   Code   RO         5011    i.u8g2_font_decode_len  u8g2_font.o
    0x08101694   0x08101694   0x00000092   Code   RO         5014    i.u8g2_font_get_glyph_data  u8g2_font.o
    0x08101726   0x08101726   0x00000018   Code   RO         5015    i.u8g2_font_get_word  u8g2_font.o
    0x0810173e   0x0810173e   0x00000030   Code   RO         5367    i.u8g2_is_intersection_decision_tree  u8g2_intersection.o
    0x0810176e   0x0810176e   0x000000ee   Code   RO         5415    i.u8g2_ll_hvline_vertical_top_lsb  u8g2_ll_hvline.o
    0x0810185c   0x0810185c   0x00000036   Code   RO         4749    i.u8g2_send_tile_row  u8g2_buffer.o
    0x08101892   0x08101892   0x0000000c   Code   RO         5592    i.u8g2_update_dimension_r0  u8g2_setup.o
    0x0810189e   0x0810189e   0x0000001c   Code   RO         5595    i.u8g2_update_dimension_r3  u8g2_setup.o
    0x081018ba   0x081018ba   0x00000020   Code   RO         5597    i.u8g2_update_page_win_r1  u8g2_setup.o
    0x081018da   0x081018da   0x0000003c   Code   RO         5599    i.u8g2_update_page_win_r3  u8g2_setup.o
    0x08101916   0x08101916   0x00000032   Code   RO         6417    i.u8x8_DrawTile     u8x8_display.o
    0x08101948   0x08101948   0x00000012   Code   RO         6419    i.u8x8_InitDisplay  u8x8_display.o
    0x0810195a   0x0810195a   0x00000014   Code   RO         6424    i.u8x8_SetPowerSave  u8x8_display.o
    0x0810196e   0x0810196e   0x00000002   PAD
    0x08101970   0x08101970   0x0000002c   Code   RO         6589    i.u8x8_SetupDefaults  u8x8_setup.o
    0x0810199c   0x0810199c   0x00000012   Code   RO         6425    i.u8x8_SetupMemory  u8x8_display.o
    0x081019ae   0x081019ae   0x00000010   Code   RO         6020    i.u8x8_byte_SendByte  u8x8_byte.o
    0x081019be   0x081019be   0x0000001a   Code   RO         6021    i.u8x8_byte_SendBytes  u8x8_byte.o
    0x081019d8   0x081019d8   0x00000014   Code   RO         6022    i.u8x8_byte_SetDC   u8x8_byte.o
    0x081019ec   0x081019ec   0x00000012   Code   RO         6155    i.u8x8_cad_EndTransfer  u8x8_cad.o
    0x081019fe   0x081019fe   0x00000014   Code   RO         6157    i.u8x8_cad_SendCmd  u8x8_cad.o
    0x08101a12   0x08101a12   0x00000060   Code   RO         6426    i.u8x8_d_helper_display_init  u8x8_display.o
    0x08101a72   0x08101a72   0x0000000c   Code   RO         6427    i.u8x8_d_helper_display_setup_memory  u8x8_display.o
    0x08101a7e   0x08101a7e   0x00000002   PAD
    0x08101a80   0x08101a80   0x00000054   Code   RO         6341    i.u8x8_d_ssd1306_128x64_noname  u8x8_d_ssd1306_128x64_noname.o
    0x08101ad4   0x08101ad4   0x00000104   Code   RO         6343    i.u8x8_d_ssd1306_sh1106_generic  u8x8_d_ssd1306_128x64_noname.o
    0x08101bd8   0x08101bd8   0x0000001a   Code   RO         6510    i.u8x8_gpio_call    u8x8_gpio.o
    0x08101bf2   0x08101bf2   0x00000008   Code   RO         5892    i.u8x8_utf8_init    u8x8_8x8.o
    0x08101bfa   0x08101bfa   0x0000286f   Data   RO         5291    .constdata          u8g2_fonts.o
    0x08104469   0x08104469   0x00000003   PAD
    0x0810446c   0x0810446c   0x00000048   Data   RO         5600    .constdata          u8g2_setup.o
    0x081044b4   0x081044b4   0x00000158   Data   RO         6345    .constdata          u8x8_d_ssd1306_128x64_noname.o


==============================================================================

Image component sizes


      Code (inc. data)   RO Data    RW Data    ZI Data      Debug   Object Name

       786         48          0          0          0      40994   bsp.o
       520         84          0          4          0       3249   bsp_fmc_io.o
       300         18          0          0          0       1290   bsp_fmc_oled.o
       986         42         80          0        109       6675   bsp_key.o
        88          0          0          0          0       1135   bsp_led.o
      1018        164          0         30         48      48590   bsp_timer.o
      1228        134          0          0       4184      10491   bsp_uart_fifo.o
        18          0          0          0          0        332   hardfaulthandler.o
       548         86          0          0          0    1401781   main.o
         0          0          0          0          0        524   mui.o
       264         62          0          4         64       3619   segger_hardfaulthandler.o
        36          8        664          0       4096        952   startup_stm32h743xx.o
       162         32          0          9          0       4729   stm32h7xx_hal.o
       502         38          0          0          0      41993   stm32h7xx_hal_cortex.o
       588         54          0          0          0       1892   stm32h7xx_hal_gpio.o
      3048         86          0          0          0       6220   stm32h7xx_hal_rcc.o
      4692        118          0          0          0       7659   stm32h7xx_hal_rcc_ex.o
       106          4          0          0          0       1887   stm32h7xx_hal_sram.o
       288         32          0          0          0       3273   stm32h7xx_hal_tim.o
      3048        130         48          0          0       6584   stm32h7xx_hal_uart.o
        20          0          0          0          0       3492   stm32h7xx_it.o
       294         10          0          0          0       2932   stm32h7xx_ll_fmc.o
       148         18         64          8          0       1606   system_stm32h7xx.o
       254          0          0          0          0       4360   u8g2_buffer.o
        16          6          0          0       1024        924   u8g2_d_memory.o
        68         14          0          0          0       1165   u8g2_d_setup.o
      1748         10          0          0          0      15799   u8g2_font.o
         0          0      10351          0          0        709   u8g2_fonts.o
       396          0          0          0          0       4221   u8g2_hvline.o
       106          0          0          0          0       1643   u8g2_intersection.o
       238          0          0          0          0       1482   u8g2_ll_hvline.o
       994          0         72          0          0     155076   u8g2_setup.o
        26          0          0          0          0       1167   u8x8_8x8.o
       350          0          0          0          0       3402   u8x8_byte.o
       334          6          0          0          0       5097   u8x8_cad.o
       344         26        344          0          0       3299   u8x8_d_ssd1306_128x64_noname.o
       252          0          0          0          0       5397   u8x8_display.o
        26          0          0          0          0        665   u8x8_gpio.o
        94          6          0          0          0       2046   u8x8_setup.o

    ----------------------------------------------------------------------
     23972       1236      11658         60       9532    1808351   Object Totals
         0          0         32          0          0          0   (incl. Generated)
        38          0          3          5          7          0   (incl. Padding)

    ----------------------------------------------------------------------

      Code (inc. data)   RO Data    RW Data    ZI Data      Debug   Library Member Name

         0          0          0          0          0          0   entry.o
         0          0          0          0          0          0   entry10a.o
         0          0          0          0          0          0   entry11a.o
         4          0          0          0          0          0   entry12b.o
         8          4          0          0          0          0   entry2.o
         4          0          0          0          0          0   entry5.o
         0          0          0          0          0          0   entry7b.o
         0          0          0          0          0          0   entry8b.o
         8          4          0          0          0          0   entry9a.o
        30          0          0          0          0          0   handlers.o
        36          8          0          0          0         68   init.o
        30          0          0          0          0         68   llshl.o
        32          0          0          0          0         68   llushr.o
        36          0          0          0          0        108   memseta.o
        98          0          0          0          0         92   uldiv.o

    ----------------------------------------------------------------------
       290         16          0          0          0        404   Library Totals
         4          0          0          0          0          0   (incl. Padding)

    ----------------------------------------------------------------------

      Code (inc. data)   RO Data    RW Data    ZI Data      Debug   Library Name

       286         16          0          0          0        404   mc_w.l

    ----------------------------------------------------------------------
       290         16          0          0          0        404   Library Totals

    ----------------------------------------------------------------------

==============================================================================


      Code (inc. data)   RO Data    RW Data    ZI Data      Debug   

     24262       1252      11658         60       9532    1790855   Grand Totals
     24262       1252      11658         60       9532    1790855   ELF Image Totals
     24262       1252      11658         60          0          0   ROM Totals

==============================================================================

    Total RO  Size (Code + RO Data)                35920 (  35.08kB)
    Total RW  Size (RW Data + ZI Data)              9592 (   9.37kB)
    Total ROM Size (Code + RO Data + RW Data)      35980 (  35.14kB)

==============================================================================

