<html>
<body>
<pre>
<h1>礦ision Build Log</h1>
<h2>Tool Versions:</h2>
IDE-Version: μVision V5.34.0.0
Copyright (C) 2021 ARM Ltd and ARM Germany GmbH. All rights reserved.
License Information: vTask fxlpop123@outlook.com, vTask, LIC=UJWP0-BWCFF-UHK8H-WZ5RC-WDZAE-YRKH3
 
Tool Versions:
Toolchain:       MDK-ARM Plus  Version: 5.34.0.0
Toolchain Path:  D:\KeilMDK\ARM\ARMCC\Bin
C Compiler:      Armcc.exe V5.06 update 7 (build 960)
Assembler:       Armasm.exe V5.06 update 7 (build 960)
Linker/Locator:  ArmLink.exe V5.06 update 7 (build 960)
Library Manager: ArmAr.exe V5.06 update 7 (build 960)
Hex Converter:   FromElf.exe V5.06 update 7 (build 960)
CPU DLL:         SARMCM3.DLL V5.34.0.0
Dialog DLL:      DCM.DLL V1.17.3.0
Target DLL:      Segger\JL2CM3.dll V2.99.38.0
Dialog DLL:      TCM.DLL V1.48.0.0
 
<h2>Project:</h2>
C:\Users\fxlpo\Desktop\V7-单击，双击，长按(V1.1)\Project\MDK-ARM\project.uvprojx
Project File Date:  04/12/2024

<h2>Output:</h2>
*** Using Compiler 'V5.06 update 7 (build 960)', folder: 'D:\KeilMDK\ARM\ARMCC\Bin'
Build target 'Flash'
compiling u8g2_fonts.c...
..\..\User\u8g2\u8g2_fonts.c(354): warning:  #1-D: last line of file ends without a newline
   
..\..\User\u8g2\u8g2_fonts.c: 1 warning, 0 errors
linking...
Program Size: Code=24262 RO-data=11658 RW-data=60 ZI-data=9532  
FromELF: creating hex file...
After Build - User command #1: CopyHex_Flash.bat
C:\Users\fxlpo\Desktop\V7-单击，双击，长按(V1.1)\Project\MDK-ARM>copy Objects\output.hex ..\output(mdk).hex 
已复制         1 个文件。
".\Objects\output.axf" - 0 Error(s), 1 Warning(s).

<h2>Software Packages used:</h2>

Package Vendor: Keil
                https://www.keil.com/pack/Keil.STM32H7xx_DFP.3.1.1.pack
                Keil.STM32H7xx_DFP.3.1.1
                STMicroelectronics STM32H7 Series Device Support and Examples

<h2>Collection of Component include folders:</h2>
  D:\KeilMDK\Keil\STM32H7xx_DFP\3.1.1\Drivers\CMSIS\Device\ST\STM32H7xx\Include

<h2>Collection of Component Files used:</h2>
Build Time Elapsed:  00:00:02
</pre>
</body>
</html>
